Archive member included because of file (symbol)

../../lib/cc3-ilp/libcc3-ilp_lpc2106-cmucam3.a(cc3_color_track.o)
                              lpc2106-cmucam3_buildfiles/main.o (cc3_track_color_scanline_start)
../../lib/cc3-ilp/libcc3-ilp_lpc2106-cmucam3.a(cc3_ilp.o)
                              ../../lib/cc3-ilp/libcc3-ilp_lpc2106-cmucam3.a(cc3_color_track.o) (cc3_get_pixel)
../../hal/lpc2106-cmucam3/libhal-lpc2106-cmucam3.a(interrupt.o)
                              (--whole-archive)
../../hal/lpc2106-cmucam3/libhal-lpc2106-cmucam3.a(cc3.o)
                              (--whole-archive)
../../hal/lpc2106-cmucam3/libhal-lpc2106-cmucam3.a(cc3_hal.o)
                              (--whole-archive)
../../hal/lpc2106-cmucam3/libhal-lpc2106-cmucam3.a(syscalls.o)
                              (--whole-archive)
../../hal/lpc2106-cmucam3/libhal-lpc2106-cmucam3.a(serial.o)
                              (--whole-archive)
../../hal/lpc2106-cmucam3/libhal-lpc2106-cmucam3.a(servo.o)
                              (--whole-archive)
../../hal/lpc2106-cmucam3/libhal-lpc2106-cmucam3.a(rdcf2.o)
                              (--whole-archive)
../../hal/lpc2106-cmucam3/libhal-lpc2106-cmucam3.a(mmc_hardware.o)
                              (--whole-archive)
../../hal/lpc2106-cmucam3/libhal-lpc2106-cmucam3.a(mmc_driver.o)
                              (--whole-archive)
../../hal/lpc2106-cmucam3/libhal-lpc2106-cmucam3.a(gpio.o)
                              (--whole-archive)
../../hal/lpc2106-cmucam3/libhal-lpc2106-cmucam3.a(devices.o)
                              (--whole-archive)
../../hal/lpc2106-cmucam3/libhal-lpc2106-cmucam3.a(uart_driver.o)
                              (--whole-archive)
../../hal/lpc2106-cmucam3/libhal-lpc2106-cmucam3.a(startup.o)
                              (--whole-archive)
/home/teider/CodeSourcery/Sourcery_G++_Lite/bin/../lib/gcc/arm-none-eabi/4.2.3/libgcc.a(_udivsi3.o)
                              ../../lib/cc3-ilp/libcc3-ilp_lpc2106-cmucam3.a(cc3_color_track.o) (__aeabi_uidiv)
/home/teider/CodeSourcery/Sourcery_G++_Lite/bin/../lib/gcc/arm-none-eabi/4.2.3/libgcc.a(_divsi3.o)
                              ../../hal/lpc2106-cmucam3/libhal-lpc2106-cmucam3.a(cc3.o) (__aeabi_idiv)
/home/teider/CodeSourcery/Sourcery_G++_Lite/bin/../lib/gcc/arm-none-eabi/4.2.3/libgcc.a(_dvmd_tls.o)
                              /home/teider/CodeSourcery/Sourcery_G++_Lite/bin/../lib/gcc/arm-none-eabi/4.2.3/libgcc.a(_udivsi3.o) (__aeabi_idiv0)
/home/teider/CodeSourcery/Sourcery_G++_Lite/bin/../lib/gcc/arm-none-eabi/4.2.3/../../../../arm-none-eabi/lib/libc.a(lib_a-calloc.o)
                              ../../hal/lpc2106-cmucam3/libhal-lpc2106-cmucam3.a(mmc_hardware.o) (calloc)
/home/teider/CodeSourcery/Sourcery_G++_Lite/bin/../lib/gcc/arm-none-eabi/4.2.3/../../../../arm-none-eabi/lib/libc.a(lib_a-callocr.o)
                              /home/teider/CodeSourcery/Sourcery_G++_Lite/bin/../lib/gcc/arm-none-eabi/4.2.3/../../../../arm-none-eabi/lib/libc.a(lib_a-calloc.o) (_calloc_r)
/home/teider/CodeSourcery/Sourcery_G++_Lite/bin/../lib/gcc/arm-none-eabi/4.2.3/../../../../arm-none-eabi/lib/libc.a(lib_a-ctype_.o)
                              ../../hal/lpc2106-cmucam3/libhal-lpc2106-cmucam3.a(syscalls.o) (__ctype_ptr)
/home/teider/CodeSourcery/Sourcery_G++_Lite/bin/../lib/gcc/arm-none-eabi/4.2.3/../../../../arm-none-eabi/lib/libc.a(lib_a-exit.o)
                              ../../hal/lpc2106-cmucam3/libhal-lpc2106-cmucam3.a(interrupt.o) (exit)
/home/teider/CodeSourcery/Sourcery_G++_Lite/bin/../lib/gcc/arm-none-eabi/4.2.3/../../../../arm-none-eabi/lib/libc.a(lib_a-fopen.o)
                              ../../hal/lpc2106-cmucam3/libhal-lpc2106-cmucam3.a(serial.o) (fopen)
/home/teider/CodeSourcery/Sourcery_G++_Lite/bin/../lib/gcc/arm-none-eabi/4.2.3/../../../../arm-none-eabi/lib/libc.a(lib_a-fseek.o)
                              /home/teider/CodeSourcery/Sourcery_G++_Lite/bin/../lib/gcc/arm-none-eabi/4.2.3/../../../../arm-none-eabi/lib/libc.a(lib_a-fopen.o) (_fseek_r)
/home/teider/CodeSourcery/Sourcery_G++_Lite/bin/../lib/gcc/arm-none-eabi/4.2.3/../../../../arm-none-eabi/lib/libc.a(lib_a-fstatr.o)
                              /home/teider/CodeSourcery/Sourcery_G++_Lite/bin/../lib/gcc/arm-none-eabi/4.2.3/../../../../arm-none-eabi/lib/libc.a(lib_a-fseek.o) (_fstat_r)
/home/teider/CodeSourcery/Sourcery_G++_Lite/bin/../lib/gcc/arm-none-eabi/4.2.3/../../../../arm-none-eabi/lib/libc.a(lib_a-impure.o)
                              lpc2106-cmucam3_buildfiles/main.o (_impure_ptr)
/home/teider/CodeSourcery/Sourcery_G++_Lite/bin/../lib/gcc/arm-none-eabi/4.2.3/../../../../arm-none-eabi/lib/libc.a(lib_a-iprintf.o)
                              lpc2106-cmucam3_buildfiles/main.o (iprintf)
/home/teider/CodeSourcery/Sourcery_G++_Lite/bin/../lib/gcc/arm-none-eabi/4.2.3/../../../../arm-none-eabi/lib/libc.a(lib_a-lcltime_r.o)
                              ../../hal/lpc2106-cmucam3/libhal-lpc2106-cmucam3.a(rdcf2.o) (localtime_r)
[...]
Memory Configuration

Name             Origin             Length             Attributes
ROM              0x00000000         0x0001e000         xr
RAM              0x40000000         0x00010000         rw
*default*        0x00000000         0xffffffff

Linker script and memory map

LOAD /home/teider/CodeSourcery/Sourcery_G++_Lite/bin/../lib/gcc/arm-none-eabi/4.2.3/crti.o
LOAD /home/teider/CodeSourcery/Sourcery_G++_Lite/bin/../lib/gcc/arm-none-eabi/4.2.3/crtbegin.o
LOAD lpc2106-cmucam3_buildfiles/main.o
LOAD ../../lib/cc3-ilp/libcc3-ilp_lpc2106-cmucam3.a
LOAD ../../hal/lpc2106-cmucam3/libhal-lpc2106-cmucam3.a
LOAD /home/teider/CodeSourcery/Sourcery_G++_Lite/bin/../lib/gcc/arm-none-eabi/4.2.3/../../../../arm-none-eabi/lib/libm.a
START GROUP
LOAD /home/teider/CodeSourcery/Sourcery_G++_Lite/bin/../lib/gcc/arm-none-eabi/4.2.3/libgcc.a
LOAD /home/teider/CodeSourcery/Sourcery_G++_Lite/bin/../lib/gcc/arm-none-eabi/4.2.3/../../../../arm-none-eabi/lib/libc.a
END GROUP
LOAD /home/teider/CodeSourcery/Sourcery_G++_Lite/bin/../lib/gcc/arm-none-eabi/4.2.3/crtend.o
LOAD /home/teider/CodeSourcery/Sourcery_G++_Lite/bin/../lib/gcc/arm-none-eabi/4.2.3/crtn.o
                0x00002400                STACK_SIZE = 0x2400

.text           0x00000000     0x732c
 *(.boot)
 .boot          0x00000000      0x140 ../../hal/lpc2106-cmucam3/libhal-lpc2106-cmucam3.a(startup.o)
                0x00000000                _boot
                0x0000006c                _mainCRTStartup
                0x0000006c                _start
                0x0000006c                start
 *(.text .text.* .gnu.linkonce.t.*)
 .text          0x00000140       0x94 /home/teider/CodeSourcery/Sourcery_G++_Lite/bin/../lib/gcc/arm-none-eabi/4.2.3/crtbegin.o
 .text.simple_track_color
                0x000001d4       0x94 lpc2106-cmucam3_buildfiles/main.o
                0x000001d4                simple_track_color
 .text.main     0x00000268      0x140 lpc2106-cmucam3_buildfiles/main.o
                0x00000268                main
 .text.cc3_track_color_scanline_start
                0x000003a8       0x6c ../../lib/cc3-ilp/libcc3-ilp_lpc2106-cmucam3.a(cc3_color_track.o)
                0x000003a8                cc3_track_color_scanline_start
 .text.cc3_track_color_scanline_finish
                0x00000414       0x90 ../../lib/cc3-ilp/libcc3-ilp_lpc2106-cmucam3.a(cc3_color_track.o)
                0x00000414                cc3_track_color_scanline_finish
 .text.cc3_track_color_scanline
                0x000004a4      0x214 ../../lib/cc3-ilp/libcc3-ilp_lpc2106-cmucam3.a(cc3_color_track.o)
                0x000004a4                cc3_track_color_scanline
 .text.cc3_get_pixel
                0x000006b8       0x94 ../../lib/cc3-ilp/libcc3-ilp_lpc2106-cmucam3.a(cc3_ilp.o)
                0x000006b8                cc3_get_pixel
 .text.disable_ext_interrupt
                0x0000074c       0x2c ../../hal/lpc2106-cmucam3/libhal-lpc2106-cmucam3.a(interrupt.o)
                0x0000074c                disable_ext_interrupt
 .text.enable_ext_interrupt
                0x00000778       0x20 ../../hal/lpc2106-cmucam3/libhal-lpc2106-cmucam3.a(interrupt.o)
                0x00000778                enable_ext_interrupt
 .text.enable_button_interrupt
                0x00000798       0x28 ../../hal/lpc2106-cmucam3/libhal-lpc2106-cmucam3.a(interrupt.o)
                0x00000798                enable_button_interrupt
 .text.disable_button_interrupt
                0x000007c0       0x30 ../../hal/lpc2106-cmucam3/libhal-lpc2106-cmucam3.a(interrupt.o)
                0x000007c0                disable_button_interrupt
 .text.panic_blink
                0x000007f0       0x94 ../../hal/lpc2106-cmucam3/libhal-lpc2106-cmucam3.a(interrupt.o)
 .text.data_abort
                0x00000884       0x28 ../../hal/lpc2106-cmucam3/libhal-lpc2106-cmucam3.a(interrupt.o)
                0x00000884                data_abort
 .text.prefetch_abort
                0x000008ac       0x28 ../../hal/lpc2106-cmucam3/libhal-lpc2106-cmucam3.a(interrupt.o)
                0x000008ac                prefetch_abort
 .text.undefined
                0x000008d4        0x8 ../../hal/lpc2106-cmucam3/libhal-lpc2106-cmucam3.a(interrupt.o)
                0x000008d4                undefined
 .text.swi      0x000008dc       0x18 ../../hal/lpc2106-cmucam3/libhal-lpc2106-cmucam3.a(interrupt.o)
                0x000008dc                swi
 .text.interrupt
                0x000008f4       0x94 ../../hal/lpc2106-cmucam3/libhal-lpc2106-cmucam3.a(interrupt.o)
                0x000008f4                interrupt
 .text.cc3_pixbuf_rewind
                0x00000988       0x8c ../../hal/lpc2106-cmucam3/libhal-lpc2106-cmucam3.a(cc3.o)
                0x00000988                cc3_pixbuf_rewind
 .text.cc3_timer_get_current_ms
                0x00000a14       0x10 ../../hal/lpc2106-cmucam3/libhal-lpc2106-cmucam3.a(cc3.o)
                0x00000a14                cc3_timer_get_current_ms
 .text.cc3_timer_wait_ms
                0x00000a24       0x24 ../../hal/lpc2106-cmucam3/libhal-lpc2106-cmucam3.a(cc3.o)
                0x00000a24                cc3_timer_wait_ms
 .text.cc3_pixbuf_frame_set_coi
                0x00000a48       0x30 ../../hal/lpc2106-cmucam3/libhal-lpc2106-cmucam3.a(cc3.o)
                0x00000a48                cc3_pixbuf_frame_set_coi
 .text._cc3_update_frame_bounds
                0x00000a78       0x40 ../../hal/lpc2106-cmucam3/libhal-lpc2106-cmucam3.a(cc3.o)
 .text.cc3_pixbuf_frame_reset
                0x00000ab8       0x50 ../../hal/lpc2106-cmucam3/libhal-lpc2106-cmucam3.a(cc3.o)
                0x00000ab8                cc3_pixbuf_frame_reset
 .text.cc3_pixbuf_frame_set_subsample
                0x00000b08       0x70 ../../hal/lpc2106-cmucam3/libhal-lpc2106-cmucam3.a(cc3.o)
                0x00000b08                cc3_pixbuf_frame_set_subsample
 .text.cc3_pixbuf_frame_set_roi
                0x00000b78       0xf4 ../../hal/lpc2106-cmucam3/libhal-lpc2106-cmucam3.a(cc3.o)
                0x00000b78                cc3_pixbuf_frame_set_roi
 .text._cc3_set_cam_ddr
                0x00000c6c       0x2c ../../hal/lpc2106-cmucam3/libhal-lpc2106-cmucam3.a(cc3.o)
 .text._cc3_set_cam_ddr_sccb_write
                0x00000c98       0x24 ../../hal/lpc2106-cmucam3/libhal-lpc2106-cmucam3.a(cc3.o)
 .text._cc3_set_cam_ddr_sccb_idle
                0x00000cbc       0x28 ../../hal/lpc2106-cmucam3/libhal-lpc2106-cmucam3.a(cc3.o)
 .text.cc3_camera_set_raw_register
                0x00000ce4      0x174 ../../hal/lpc2106-cmucam3/libhal-lpc2106-cmucam3.a(cc3.o)
                0x00000ce4                cc3_camera_set_raw_register
 .text._cc3_set_register_state
                0x00000e58      0x16c ../../hal/lpc2106-cmucam3/libhal-lpc2106-cmucam3.a(cc3.o)
 .text.cc3_camera_set_resolution
                0x00000fc4       0x10 ../../hal/lpc2106-cmucam3/libhal-lpc2106-cmucam3.a(cc3.o)
                0x00000fc4                cc3_camera_set_resolution
 .text.cc3_camera_init
                0x00000fd4       0x8c ../../hal/lpc2106-cmucam3/libhal-lpc2106-cmucam3.a(cc3.o)
                0x00000fd4                cc3_camera_init
 .text.cc3_malloc_rows
                0x00001060       0x28 ../../hal/lpc2106-cmucam3/libhal-lpc2106-cmucam3.a(cc3.o)
                0x00001060                cc3_malloc_rows
 .text.cc3_pixbuf_load
                0x00001088       0xb8 ../../hal/lpc2106-cmucam3/libhal-lpc2106-cmucam3.a(cc3.o)
                0x00001088                cc3_pixbuf_load
 .text.cc3_pixbuf_read_rows
                0x00001140      0x698 ../../hal/lpc2106-cmucam3/libhal-lpc2106-cmucam3.a(cc3.o)
                0x00001140                cc3_pixbuf_read_rows
 .text._cc3_delay_us_4
                0x000017d8       0x64 ../../hal/lpc2106-cmucam3/libhal-lpc2106-cmucam3.a(cc3_hal.o)
                0x000017d8                _cc3_delay_us_4
 .text._cc3_fifo_reset
                0x0000183c       0x60 ../../hal/lpc2106-cmucam3/libhal-lpc2106-cmucam3.a(cc3_hal.o)
                0x0000183c                _cc3_fifo_reset
 .text._cc3_camera_reset
                0x0000189c       0x38 ../../hal/lpc2106-cmucam3/libhal-lpc2106-cmucam3.a(cc3_hal.o)
                0x0000189c                _cc3_camera_reset
 .text._cc3_delay_sccb
                0x000018d4       0x38 ../../hal/lpc2106-cmucam3/libhal-lpc2106-cmucam3.a(cc3_hal.o)
                0x000018d4                _cc3_delay_sccb
 .text._cc3_pixbuf_write_rewind
                0x0000190c       0x30 ../../hal/lpc2106-cmucam3/libhal-lpc2106-cmucam3.a(cc3_hal.o)
                0x0000190c                _cc3_pixbuf_write_rewind
 .text._cc3_system_setup
                0x0000193c       0xac ../../hal/lpc2106-cmucam3/libhal-lpc2106-cmucam3.a(cc3_hal.o)
                0x0000193c                _cc3_system_setup
 .text._exit    0x000019e8        0x4 ../../hal/lpc2106-cmucam3/libhal-lpc2106-cmucam3.a(syscalls.o)
                0x000019e8                _exit
 .text._sbrk    0x000019ec       0x50 ../../hal/lpc2106-cmucam3/libhal-lpc2106-cmucam3.a(syscalls.o)
                0x000019ec                _sbrk
 .text._isatty  0x00001a3c       0x2c ../../hal/lpc2106-cmucam3/libhal-lpc2106-cmucam3.a(syscalls.o)
                0x00001a3c                _isatty
 .text._fstat   0x00001a68       0x4c ../../hal/lpc2106-cmucam3/libhal-lpc2106-cmucam3.a(syscalls.o)
                0x00001a68                _fstat
 .text._lseek   0x00001ab4       0x54 ../../hal/lpc2106-cmucam3/libhal-lpc2106-cmucam3.a(syscalls.o)
                0x00001ab4                _lseek
 .text._close   0x00001b08       0x44 ../../hal/lpc2106-cmucam3/libhal-lpc2106-cmucam3.a(syscalls.o)
                0x00001b08                _close
 .text._read    0x00001b4c       0x54 ../../hal/lpc2106-cmucam3/libhal-lpc2106-cmucam3.a(syscalls.o)
                0x00001b4c                _read
 .text._write   0x00001ba0       0x54 ../../hal/lpc2106-cmucam3/libhal-lpc2106-cmucam3.a(syscalls.o)
                0x00001ba0                _write
 .text._cc3_uart0_setup
                0x00001bf4       0x5c ../../hal/lpc2106-cmucam3/libhal-lpc2106-cmucam3.a(serial.o)
                0x00001bf4                _cc3_uart0_setup
 .text._cc3_uart1_setup
                0x00001c50       0x5c ../../hal/lpc2106-cmucam3/libhal-lpc2106-cmucam3.a(serial.o)
                0x00001c50                _cc3_uart1_setup
 .text.cc3_uart_get_count
                0x00001cac        0x8 ../../hal/lpc2106-cmucam3/libhal-lpc2106-cmucam3.a(serial.o)
                0x00001cac                cc3_uart_get_count
 .text.uart0_putc
                0x00001cb4       0x1c ../../hal/lpc2106-cmucam3/libhal-lpc2106-cmucam3.a(serial.o)
                0x00001cb4                uart0_putc
 .text.uart1_putc
                0x00001cd0       0x1c ../../hal/lpc2106-cmucam3/libhal-lpc2106-cmucam3.a(serial.o)
                0x00001cd0                uart1_putc
 .text.uart0_getc
                0x00001cec       0x1c ../../hal/lpc2106-cmucam3/libhal-lpc2106-cmucam3.a(serial.o)
                0x00001cec                uart0_getc
 .text.uart1_getc
                0x00001d08       0x1c ../../hal/lpc2106-cmucam3/libhal-lpc2106-cmucam3.a(serial.o)
                0x00001d08                uart1_getc
 .text.uart0_write
                0x00001d24       0x30 ../../hal/lpc2106-cmucam3/libhal-lpc2106-cmucam3.a(serial.o)
                0x00001d24                uart0_write
 .text.uart0_write_hex
                0x00001d54       0x78 ../../hal/lpc2106-cmucam3/libhal-lpc2106-cmucam3.a(serial.o)
                0x00001d54                uart0_write_hex
 .text.cc3_uart_init
                0x00001dcc      0x170 ../../hal/lpc2106-cmucam3/libhal-lpc2106-cmucam3.a(serial.o)
                0x00001dcc                cc3_uart_init
 .text.servo_lo
                0x00001f3c       0x1c ../../hal/lpc2106-cmucam3/libhal-lpc2106-cmucam3.a(servo.o)
 .text._cc3_servo_int
                0x00001f58      0x134 ../../hal/lpc2106-cmucam3/libhal-lpc2106-cmucam3.a(servo.o)
                0x00001f58                _cc3_servo_int
 .text._cc3_get_internal_file_number
                0x0000208c        0x8 ../../hal/lpc2106-cmucam3/libhal-lpc2106-cmucam3.a(devices.o)
                0x0000208c                _cc3_get_internal_file_number
 .text._cc3_get_driver_for_file_number
                0x00002094       0x20 ../../hal/lpc2106-cmucam3/libhal-lpc2106-cmucam3.a(devices.o)
                0x00002094                _cc3_get_driver_for_file_number
 .text.uart_close
                0x000020b4        0x8 ../../hal/lpc2106-cmucam3/libhal-lpc2106-cmucam3.a(uart_driver.o)
 .text.uart_read
                0x000020bc       0xe4 ../../hal/lpc2106-cmucam3/libhal-lpc2106-cmucam3.a(uart_driver.o)
 .text.uart_write
                0x000021a0       0xf8 ../../hal/lpc2106-cmucam3/libhal-lpc2106-cmucam3.a(uart_driver.o)
 .text.uart_lseek
                0x00002298       0x18 ../../hal/lpc2106-cmucam3/libhal-lpc2106-cmucam3.a(uart_driver.o)
 .text.uart_fstat
                0x000022b0       0x10 ../../hal/lpc2106-cmucam3/libhal-lpc2106-cmucam3.a(uart_driver.o)
 .text.uart_unlink
                0x000022c0       0x18 ../../hal/lpc2106-cmucam3/libhal-lpc2106-cmucam3.a(uart_driver.o)
 .text.uart_rename
                0x000022d8       0x18 ../../hal/lpc2106-cmucam3/libhal-lpc2106-cmucam3.a(uart_driver.o)
 .text.process_uart_filename
                0x000022f0       0x6c ../../hal/lpc2106-cmucam3/libhal-lpc2106-cmucam3.a(uart_driver.o)
 .text.uart_recognize
                0x0000235c       0x18 ../../hal/lpc2106-cmucam3/libhal-lpc2106-cmucam3.a(uart_driver.o)
 .text.uart_open
                0x00002374       0x40 ../../hal/lpc2106-cmucam3/libhal-lpc2106-cmucam3.a(uart_driver.o)
 .text          0x000023b4      0x114 /home/teider/CodeSourcery/Sourcery_G++_Lite/bin/../lib/gcc/arm-none-eabi/4.2.3/libgcc.a(_udivsi3.o)
                0x000023b4                __udivsi3
                0x000023b4                __aeabi_uidiv
                0x000024a8                __aeabi_uidivmod
 .text          0x000024c8      0x148 /home/teider/CodeSourcery/Sourcery_G++_Lite/bin/../lib/gcc/arm-none-eabi/4.2.3/libgcc.a(_divsi3.o)
                0x000024c8                __aeabi_idiv
                0x000024c8                __divsi3
                0x000025f0                __aeabi_idivmod
 .text          0x00002610        0x4 /home/teider/CodeSourcery/Sourcery_G++_Lite/bin/../lib/gcc/arm-none-eabi/4.2.3/libgcc.a(_dvmd_tls.o)
                0x00002610                __aeabi_ldiv0
                0x00002610                __aeabi_idiv0
 .text          0x00002614       0x30 /home/teider/CodeSourcery/Sourcery_G++_Lite/bin/../lib/gcc/arm-none-eabi/4.2.3/../../../../arm-none-eabi/lib/libc.a(lib_a-exit.o)
                0x00002614                exit
 .text          0x00002644       0x40 /home/teider/CodeSourcery/Sourcery_G++_Lite/bin/../lib/gcc/arm-none-eabi/4.2.3/../../../../arm-none-eabi/lib/libc.a(lib_a-fstatr.o)
                0x00002644                _fstat_r
 .text          0x00002684       0x74 /home/teider/CodeSourcery/Sourcery_G++_Lite/bin/../lib/gcc/arm-none-eabi/4.2.3/../../../../arm-none-eabi/lib/libc.a(lib_a-iprintf.o)
                0x00002684                _iprintf_r
                0x000026b8                iprintf
 .text          0x000026f8      0x168 /home/teider/CodeSourcery/Sourcery_G++_Lite/bin/../lib/gcc/arm-none-eabi/4.2.3/../../../../arm-none-eabi/lib/libc.a(lib_a-makebuf.o)
                0x000026f8                __smakebuf_r
 .text          0x00002860       0x40 /home/teider/CodeSourcery/Sourcery_G++_Lite/bin/../lib/gcc/arm-none-eabi/4.2.3/../../../../arm-none-eabi/lib/libc.a(lib_a-malloc.o)
                0x00002880                malloc
                0x00002860                free
 .text          0x000028a0      0x784 /home/teider/CodeSourcery/Sourcery_G++_Lite/bin/../lib/gcc/arm-none-eabi/4.2.3/../../../../arm-none-eabi/lib/libc.a(lib_a-mallocr.o)
                0x000028a0                _malloc_r
 .text          0x00003024       0xa4 /home/teider/CodeSourcery/Sourcery_G++_Lite/bin/../lib/gcc/arm-none-eabi/4.2.3/../../../../arm-none-eabi/lib/libc.a(lib_a-memcpy.o)
                0x00003024                memcpy
 .text          0x000030c8       0x8c /home/teider/CodeSourcery/Sourcery_G++_Lite/bin/../lib/gcc/arm-none-eabi/4.2.3/../../../../arm-none-eabi/lib/libc.a(lib_a-memset.o)
                0x000030c8                memset
 .text          0x00003154        0x8 /home/teider/CodeSourcery/Sourcery_G++_Lite/bin/../lib/gcc/arm-none-eabi/4.2.3/../../../../arm-none-eabi/lib/libc.a(lib_a-mlock.o)
                0x00003158                __malloc_unlock
                0x00003154                __malloc_lock
 .text          0x0000315c       0x40 /home/teider/CodeSourcery/Sourcery_G++_Lite/bin/../lib/gcc/arm-none-eabi/4.2.3/../../../../arm-none-eabi/lib/libc.a(lib_a-sbrkr.o)
                0x0000315c                _sbrk_r
 .text          0x0000319c       0x20 /home/teider/CodeSourcery/Sourcery_G++_Lite/bin/../lib/gcc/arm-none-eabi/4.2.3/../../../../arm-none-eabi/lib/libc.a(lib_a-setbuf.o)
                0x0000319c                setbuf
 .text          0x000031bc      0x1a4 /home/teider/CodeSourcery/Sourcery_G++_Lite/bin/../lib/gcc/arm-none-eabi/4.2.3/../../../../arm-none-eabi/lib/libc.a(lib_a-setvbuf.o)
                0x000031bc                setvbuf
 .text          0x00003360       0xd8 /home/teider/CodeSourcery/Sourcery_G++_Lite/bin/../lib/gcc/arm-none-eabi/4.2.3/../../../../arm-none-eabi/lib/libc.a(lib_a-stdio.o)
                0x00003374                __sseek
                0x00003404                __sread
                0x00003360                __sclose
                0x000033ac                __swrite
 .text          0x00003438       0x68 /home/teider/CodeSourcery/Sourcery_G++_Lite/bin/../lib/gcc/arm-none-eabi/4.2.3/../../../../arm-none-eabi/lib/libc.a(lib_a-strlen.o)
                0x00003438                strlen
 .text          0x000034a0      0x1f4 /home/teider/CodeSourcery/Sourcery_G++_Lite/bin/../lib/gcc/arm-none-eabi/4.2.3/../../../../arm-none-eabi/lib/libc.a(lib_a-strtol.o)
                0x00003668                strtol
                0x000034a0                _strtol_r
 .text          0x00003694     0x11d0 /home/teider/CodeSourcery/Sourcery_G++_Lite/bin/../lib/gcc/arm-none-eabi/4.2.3/../../../../arm-none-eabi/lib/libc.a(lib_a-vfiprintf.o)
                0x00004838                vfiprintf
                0x000036cc                _vfiprintf_r
 .text          0x00004864       0x44 /home/teider/CodeSourcery/Sourcery_G++_Lite/bin/../lib/gcc/arm-none-eabi/4.2.3/../../../../arm-none-eabi/lib/libc.a(lib_a-writer.o)
                0x00004864                _write_r
 .text          0x000048a8      0x138 /home/teider/CodeSourcery/Sourcery_G++_Lite/bin/../lib/gcc/arm-none-eabi/4.2.3/../../../../arm-none-eabi/lib/libc.a(lib_a-wsetup.o)
                0x000048a8                __swsetup_r
 .text          0x000049e0      0x184 /home/teider/CodeSourcery/Sourcery_G++_Lite/bin/../lib/gcc/arm-none-eabi/4.2.3/../../../../arm-none-eabi/lib/libc.a(lib_a-__call_atexit.o)
                0x000049e0                __call_exitprocs
 .text          0x00004b64       0x20 /home/teider/CodeSourcery/Sourcery_G++_Lite/bin/../lib/gcc/arm-none-eabi/4.2.3/../../../../arm-none-eabi/lib/libc.a(lib_a-atexit.o)
                0x00004b64                atexit
 .text          0x00004b84       0x3c /home/teider/CodeSourcery/Sourcery_G++_Lite/bin/../lib/gcc/arm-none-eabi/4.2.3/../../../../arm-none-eabi/lib/libc.a(lib_a-closer.o)
                0x00004b84                _close_r
 .text          0x00004bc0      0x200 /home/teider/CodeSourcery/Sourcery_G++_Lite/bin/../lib/gcc/arm-none-eabi/4.2.3/../../../../arm-none-eabi/lib/libc.a(lib_a-fflush.o)
                0x00004d7c                fflush
                0x00004bc0                _fflush_r
 .text          0x00004dc0      0x2a0 /home/teider/CodeSourcery/Sourcery_G++_Lite/bin/../lib/gcc/arm-none-eabi/4.2.3/../../../../arm-none-eabi/lib/libc.a(lib_a-findfp.o)
                0x00004e2c                __sinit
                0x00004f30                __sfmoreglue
                0x00004f20                _cleanup
                0x00004f08                _cleanup_r
                0x00004ee4                __fp_lock_all
                0x00004e1c                __sfp_lock_acquire
                0x00004f84                __sfp
                0x00004e28                __sinit_lock_release
                0x00004ec0                __fp_unlock_all
                0x00004e20                __sfp_lock_release
                0x00004e24                __sinit_lock_acquire
 .text          0x00005060       0x50 /home/teider/CodeSourcery/Sourcery_G++_Lite/bin/../lib/gcc/arm-none-eabi/4.2.3/../../../../arm-none-eabi/lib/libc.a(lib_a-fini.o)
                0x00005060                __libc_fini_array
 .text          0x000050b0      0x3bc /home/teider/CodeSourcery/Sourcery_G++_Lite/bin/../lib/gcc/arm-none-eabi/4.2.3/../../../../arm-none-eabi/lib/libc.a(lib_a-freer.o)
                0x000051ac                _free_r
                0x000050b0                _malloc_trim_r
 .text          0x0000546c      0x498 /home/teider/CodeSourcery/Sourcery_G++_Lite/bin/../lib/gcc/arm-none-eabi/4.2.3/../../../../arm-none-eabi/lib/libc.a(lib_a-fvwrite.o)
                0x0000546c                __sfvwrite_r
 .text          0x00005904      0x114 /home/teider/CodeSourcery/Sourcery_G++_Lite/bin/../lib/gcc/arm-none-eabi/4.2.3/../../../../arm-none-eabi/lib/libc.a(lib_a-fwalk.o)
                0x00005990                _fwalk
                0x00005904                _fwalk_reent
 .text          0x00005a18       0x3c /home/teider/CodeSourcery/Sourcery_G++_Lite/bin/../lib/gcc/arm-none-eabi/4.2.3/../../../../arm-none-eabi/lib/libc.a(lib_a-isattyr.o)
                0x00005a18                _isatty_r
 .text          0x00005a54       0x44 /home/teider/CodeSourcery/Sourcery_G++_Lite/bin/../lib/gcc/arm-none-eabi/4.2.3/../../../../arm-none-eabi/lib/libc.a(lib_a-lseekr.o)
                0x00005a54                _lseek_r
 .text          0x00005a98      0x114 /home/teider/CodeSourcery/Sourcery_G++_Lite/bin/../lib/gcc/arm-none-eabi/4.2.3/../../../../arm-none-eabi/lib/libc.a(lib_a-memchr.o)
                0x00005a98                memchr
 .text          0x00005bac       0xf4 /home/teider/CodeSourcery/Sourcery_G++_Lite/bin/../lib/gcc/arm-none-eabi/4.2.3/../../../../arm-none-eabi/lib/libc.a(lib_a-memmove.o)
                0x00005bac                memmove
 .text          0x00005ca0       0x44 /home/teider/CodeSourcery/Sourcery_G++_Lite/bin/../lib/gcc/arm-none-eabi/4.2.3/../../../../arm-none-eabi/lib/libc.a(lib_a-readr.o)
                0x00005ca0                _read_r
 .text          0x00005ce4      0x5bc /home/teider/CodeSourcery/Sourcery_G++_Lite/bin/../lib/gcc/arm-none-eabi/4.2.3/../../../../arm-none-eabi/lib/libc.a(lib_a-reallocr.o)
                0x00005ce4                _realloc_r
 .text          0x000062a0       0xec /home/teider/CodeSourcery/Sourcery_G++_Lite/bin/../lib/gcc/arm-none-eabi/4.2.3/../../../../arm-none-eabi/lib/libc.a(lib_a-__atexit.o)
                0x000062a0                __register_exitproc
 .text          0x0000638c      0x10c /home/teider/CodeSourcery/Sourcery_G++_Lite/bin/../lib/gcc/arm-none-eabi/4.2.3/../../../../arm-none-eabi/lib/libc.a(lib_a-fclose.o)
                0x0000638c                _fclose_r
                0x00006484                fclose
 .text          0x00006498       0x3c /home/teider/CodeSourcery/Sourcery_G++_Lite/bin/../lib/gcc/arm-none-eabi/4.2.3/libgcc.a(_aeabi_uldivmod.o)
                0x00006498                __aeabi_uldivmod
 .text          0x000064d4       0x90 /home/teider/CodeSourcery/Sourcery_G++_Lite/bin/../lib/gcc/arm-none-eabi/4.2.3/libgcc.a(bpabi.o)
                0x000064d4                __gnu_uldivmod_helper
                0x0000651c                __gnu_ldivmod_helper
 .text          0x00006564      0x584 /home/teider/CodeSourcery/Sourcery_G++_Lite/bin/../lib/gcc/arm-none-eabi/4.2.3/libgcc.a(_divdi3.o)
                0x00006564                __divdi3
 .text          0x00006ae8      0x518 /home/teider/CodeSourcery/Sourcery_G++_Lite/bin/../lib/gcc/arm-none-eabi/4.2.3/libgcc.a(_udivdi3.o)
                0x00006ae8                __udivdi3
 *(.plt)
 *(.gnu.warning)
 *(.glue_7t)
 .glue_7t       0x00007000        0x0 /home/teider/CodeSourcery/Sourcery_G++_Lite/bin/../lib/gcc/arm-none-eabi/4.2.3/crti.o
 .glue_7t       0x00007000        0x0 /home/teider/CodeSourcery/Sourcery_G++_Lite/bin/../lib/gcc/arm-none-eabi/4.2.3/crtbegin.o
 .glue_7t       0x00007000        0x0 lpc2106-cmucam3_buildfiles/main.o
 .glue_7t       0x00007000        0x0 ../../lib/cc3-ilp/libcc3-ilp_lpc2106-cmucam3.a(cc3_color_track.o)
 .glue_7t       0x00007000        0x0 ../../lib/cc3-ilp/libcc3-ilp_lpc2106-cmucam3.a(cc3_ilp.o)
 .glue_7t       0x00007000        0x0 ../../hal/lpc2106-cmucam3/libhal-lpc2106-cmucam3.a(interrupt.o)
 .glue_7t       0x00007000        0x0 ../../hal/lpc2106-cmucam3/libhal-lpc2106-cmucam3.a(cc3.o)
 .glue_7t       0x00007000        0x0 ../../hal/lpc2106-cmucam3/libhal-lpc2106-cmucam3.a(cc3_hal.o)
 .glue_7t       0x00007000        0x0 ../../hal/lpc2106-cmucam3/libhal-lpc2106-cmucam3.a(syscalls.o)
 .glue_7t       0x00007000        0x0 ../../hal/lpc2106-cmucam3/libhal-lpc2106-cmucam3.a(serial.o)
 .glue_7t       0x00007000        0x0 ../../hal/lpc2106-cmucam3/libhal-lpc2106-cmucam3.a(servo.o)
 .glue_7t       0x00007000        0x0 ../../hal/lpc2106-cmucam3/libhal-lpc2106-cmucam3.a(rdcf2.o)
 .glue_7t       0x00007000        0x0 ../../hal/lpc2106-cmucam3/libhal-lpc2106-cmucam3.a(mmc_hardware.o)
 .glue_7t       0x00007000        0x0 ../../hal/lpc2106-cmucam3/libhal-lpc2106-cmucam3.a(mmc_driver.o)
 .glue_7t       0x00007000        0x0 ../../hal/lpc2106-cmucam3/libhal-lpc2106-cmucam3.a(gpio.o)
 .glue_7t       0x00007000        0x0 ../../hal/lpc2106-cmucam3/libhal-lpc2106-cmucam3.a(devices.o)
 .glue_7t       0x00007000        0x0 ../../hal/lpc2106-cmucam3/libhal-lpc2106-cmucam3.a(uart_driver.o)
 .glue_7t       0x00007000        0x0 ../../hal/lpc2106-cmucam3/libhal-lpc2106-cmucam3.a(startup.o)
 .glue_7t       0x00007000        0x0 /home/teider/CodeSourcery/Sourcery_G++_Lite/bin/../lib/gcc/arm-none-eabi/4.2.3/libgcc.a(_udivsi3.o)
 .glue_7t       0x00007000        0x0 /home/teider/CodeSourcery/Sourcery_G++_Lite/bin/../lib/gcc/arm-none-eabi/4.2.3/libgcc.a(_divsi3.o)
 .glue_7t       0x00007000        0x0 /home/teider/CodeSourcery/Sourcery_G++_Lite/bin/../lib/gcc/arm-none-eabi/4.2.3/libgcc.a(_dvmd_tls.o)
 .glue_7t       0x00007000        0x0 /home/teider/CodeSourcery/Sourcery_G++_Lite/bin/../lib/gcc/arm-none-eabi/4.2.3/../../../../arm-none-eabi/lib/libc.a(lib_a-calloc.o)
 .glue_7t       0x00007000        0x0 /home/teider/CodeSourcery/Sourcery_G++_Lite/bin/../lib/gcc/arm-none-eabi/4.2.3/../../../../arm-none-eabi/lib/libc.a(lib_a-callocr.o)
 .glue_7t       0x00007000        0x0 /home/teider/CodeSourcery/Sourcery_G++_Lite/bin/../lib/gcc/arm-none-eabi/4.2.3/../../../../arm-none-eabi/lib/libc.a(lib_a-ctype_.o)
 .glue_7t       0x00007000        0x0 /home/teider/CodeSourcery/Sourcery_G++_Lite/bin/../lib/gcc/arm-none-eabi/4.2.3/../../../../arm-none-eabi/lib/libc.a(lib_a-exit.o)
 .glue_7t       0x00007000        0x0 /home/teider/CodeSourcery/Sourcery_G++_Lite/bin/../lib/gcc/arm-none-eabi/4.2.3/../../../../arm-none-eabi/lib/libc.a(lib_a-fopen.o)
 .glue_7t       0x00007000        0x0 /home/teider/CodeSourcery/Sourcery_G++_Lite/bin/../lib/gcc/arm-none-eabi/4.2.3/../../../../arm-none-eabi/lib/libc.a(lib_a-fseek.o)
 .glue_7t       0x00007000        0x0 /home/teider/CodeSourcery/Sourcery_G++_Lite/bin/../lib/gcc/arm-none-eabi/4.2.3/../../../../arm-none-eabi/lib/libc.a(lib_a-fstatr.o)
 .glue_7t       0x00007000        0x0 /home/teider/CodeSourcery/Sourcery_G++_Lite/bin/../lib/gcc/arm-none-eabi/4.2.3/../../../../arm-none-eabi/lib/libc.a(lib_a-impure.o)
 .glue_7t       0x00007000        0x0 /home/teider/CodeSourcery/Sourcery_G++_Lite/bin/../lib/gcc/arm-none-eabi/4.2.3/../../../../arm-none-eabi/lib/libc.a(lib_a-iprintf.o)
 .glue_7t       0x00007000        0x0 /home/teider/CodeSourcery/Sourcery_G++_Lite/bin/../lib/gcc/arm-none-eabi/4.2.3/../../../../arm-none-eabi/lib/libc.a(lib_a-lcltime_r.o)
 .glue_7t       0x00007000        0x0 /home/teider/CodeSourcery/Sourcery_G++_Lite/bin/../lib/gcc/arm-none-eabi/4.2.3/../../../../arm-none-eabi/lib/libc.a(lib_a-makebuf.o)
 .glue_7t       0x00007000        0x0 /home/teider/CodeSourcery/Sourcery_G++_Lite/bin/../lib/gcc/arm-none-eabi/4.2.3/../../../../arm-none-eabi/lib/libc.a(lib_a-malloc.o)
 .glue_7t       0x00007000        0x0 /home/teider/CodeSourcery/Sourcery_G++_Lite/bin/../lib/gcc/arm-none-eabi/4.2.3/../../../../arm-none-eabi/lib/libc.a(lib_a-mallocr.o)
 .glue_7t       0x00007000        0x0 /home/teider/CodeSourcery/Sourcery_G++_Lite/bin/../lib/gcc/arm-none-eabi/4.2.3/../../../../arm-none-eabi/lib/libc.a(lib_a-memcmp.o)
 .glue_7t       0x00007000        0x0 /home/teider/CodeSourcery/Sourcery_G++_Lite/bin/../lib/gcc/arm-none-eabi/4.2.3/../../../../arm-none-eabi/lib/libc.a(lib_a-memcpy.o)
 .glue_7t       0x00007000        0x0 /home/teider/CodeSourcery/Sourcery_G++_Lite/bin/../lib/gcc/arm-none-eabi/4.2.3/../../../../arm-none-eabi/lib/libc.a(lib_a-memset.o)
 .glue_7t       0x00007000        0x0 /home/teider/CodeSourcery/Sourcery_G++_Lite/bin/../lib/gcc/arm-none-eabi/4.2.3/../../../../arm-none-eabi/lib/libc.a(lib_a-mktm_r.o)
 .glue_7t       0x00007000        0x0 /home/teider/CodeSourcery/Sourcery_G++_Lite/bin/../lib/gcc/arm-none-eabi/4.2.3/../../../../arm-none-eabi/lib/libc.a(lib_a-mlock.o)
 .glue_7t       0x00007000        0x0 /home/teider/CodeSourcery/Sourcery_G++_Lite/bin/../lib/gcc/arm-none-eabi/4.2.3/../../../../arm-none-eabi/lib/libc.a(lib_a-openr.o)
 .glue_7t       0x00007000        0x0 /home/teider/CodeSourcery/Sourcery_G++_Lite/bin/../lib/gcc/arm-none-eabi/4.2.3/../../../../arm-none-eabi/lib/libc.a(lib_a-reent.o)
 .glue_7t       0x00007000        0x0 /home/teider/CodeSourcery/Sourcery_G++_Lite/bin/../lib/gcc/arm-none-eabi/4.2.3/../../../../arm-none-eabi/lib/libc.a(lib_a-refill.o)
 .glue_7t       0x00007000        0x0 /home/teider/CodeSourcery/Sourcery_G++_Lite/bin/../lib/gcc/arm-none-eabi/4.2.3/../../../../arm-none-eabi/lib/libc.a(lib_a-sbrkr.o)
 .glue_7t       0x00007000        0x0 /home/teider/CodeSourcery/Sourcery_G++_Lite/bin/../lib/gcc/arm-none-eabi/4.2.3/../../../../arm-none-eabi/lib/libc.a(lib_a-setbuf.o)
 .glue_7t       0x00007000        0x0 /home/teider/CodeSourcery/Sourcery_G++_Lite/bin/../lib/gcc/arm-none-eabi/4.2.3/../../../../arm-none-eabi/lib/libc.a(lib_a-setjmp.o)
 .glue_7t       0x00007000        0x0 /home/teider/CodeSourcery/Sourcery_G++_Lite/bin/../lib/gcc/arm-none-eabi/4.2.3/../../../../arm-none-eabi/lib/libc.a(lib_a-setvbuf.o)
 .glue_7t       0x00007000        0x0 /home/teider/CodeSourcery/Sourcery_G++_Lite/bin/../lib/gcc/arm-none-eabi/4.2.3/../../../../arm-none-eabi/lib/libc.a(lib_a-sniprintf.o)
 .glue_7t       0x00007000        0x0 /home/teider/CodeSourcery/Sourcery_G++_Lite/bin/../lib/gcc/arm-none-eabi/4.2.3/../../../../arm-none-eabi/lib/libc.a(lib_a-stdio.o)
 .glue_7t       0x00007000        0x0 /home/teider/CodeSourcery/Sourcery_G++_Lite/bin/../lib/gcc/arm-none-eabi/4.2.3/../../../../arm-none-eabi/lib/libc.a(lib_a-strdup.o)
 .glue_7t       0x00007000        0x0 /home/teider/CodeSourcery/Sourcery_G++_Lite/bin/../lib/gcc/arm-none-eabi/4.2.3/../../../../arm-none-eabi/lib/libc.a(lib_a-strdup_r.o)
 .glue_7t       0x00007000        0x0 /home/teider/CodeSourcery/Sourcery_G++_Lite/bin/../lib/gcc/arm-none-eabi/4.2.3/../../../../arm-none-eabi/lib/libc.a(lib_a-strlen.o)
 .glue_7t       0x00007000        0x0 /home/teider/CodeSourcery/Sourcery_G++_Lite/bin/../lib/gcc/arm-none-eabi/4.2.3/../../../../arm-none-eabi/lib/libc.a(lib_a-strtol.o)
 .glue_7t       0x00007000        0x0 /home/teider/CodeSourcery/Sourcery_G++_Lite/bin/../lib/gcc/arm-none-eabi/4.2.3/../../../../arm-none-eabi/lib/libc.a(lib_a-sysgettod.o)
 .glue_7t       0x00007000        0x0 /home/teider/CodeSourcery/Sourcery_G++_Lite/bin/../lib/gcc/arm-none-eabi/4.2.3/../../../../arm-none-eabi/lib/libc.a(lib_a-tzlock.o)
 .glue_7t       0x00007000        0x0 /home/teider/CodeSourcery/Sourcery_G++_Lite/bin/../lib/gcc/arm-none-eabi/4.2.3/../../../../arm-none-eabi/lib/libc.a(lib_a-tzvars.o)
 .glue_7t       0x00007000        0x0 /home/teider/CodeSourcery/Sourcery_G++_Lite/bin/../lib/gcc/arm-none-eabi/4.2.3/../../../../arm-none-eabi/lib/libc.a(lib_a-vfiprintf.o)
 .glue_7t       0x00007000        0x0 /home/teider/CodeSourcery/Sourcery_G++_Lite/bin/../lib/gcc/arm-none-eabi/4.2.3/../../../../arm-none-eabi/lib/libc.a(lib_a-writer.o)
 .glue_7t       0x00007000        0x0 /home/teider/CodeSourcery/Sourcery_G++_Lite/bin/../lib/gcc/arm-none-eabi/4.2.3/../../../../arm-none-eabi/lib/libc.a(lib_a-wsetup.o)
 .glue_7t       0x00007000        0x0 /home/teider/CodeSourcery/Sourcery_G++_Lite/bin/../lib/gcc/arm-none-eabi/4.2.3/../../../../arm-none-eabi/lib/libc.a(lib_a-__call_atexit.o)
 .glue_7t       0x00007000        0x0 /home/teider/CodeSourcery/Sourcery_G++_Lite/bin/../lib/gcc/arm-none-eabi/4.2.3/../../../../arm-none-eabi/lib/libc.a(lib_a-atexit.o)
 .glue_7t       0x00007000        0x0 /home/teider/CodeSourcery/Sourcery_G++_Lite/bin/../lib/gcc/arm-none-eabi/4.2.3/../../../../arm-none-eabi/lib/libc.a(lib_a-closer.o)
 .glue_7t       0x00007000        0x0 /home/teider/CodeSourcery/Sourcery_G++_Lite/bin/../lib/gcc/arm-none-eabi/4.2.3/../../../../arm-none-eabi/lib/libc.a(lib_a-fflush.o)
 .glue_7t       0x00007000        0x0 /home/teider/CodeSourcery/Sourcery_G++_Lite/bin/../lib/gcc/arm-none-eabi/4.2.3/../../../../arm-none-eabi/lib/libc.a(lib_a-findfp.o)
 .glue_7t       0x00007000        0x0 /home/teider/CodeSourcery/Sourcery_G++_Lite/bin/../lib/gcc/arm-none-eabi/4.2.3/../../../../arm-none-eabi/lib/libc.a(lib_a-fini.o)
 .glue_7t       0x00007000        0x0 /home/teider/CodeSourcery/Sourcery_G++_Lite/bin/../lib/gcc/arm-none-eabi/4.2.3/../../../../arm-none-eabi/lib/libc.a(lib_a-flags.o)
 .glue_7t       0x00007000        0x0 /home/teider/CodeSourcery/Sourcery_G++_Lite/bin/../lib/gcc/arm-none-eabi/4.2.3/../../../../arm-none-eabi/lib/libc.a(lib_a-freer.o)
 .glue_7t       0x00007000        0x0 /home/teider/CodeSourcery/Sourcery_G++_Lite/bin/../lib/gcc/arm-none-eabi/4.2.3/../../../../arm-none-eabi/lib/libc.a(lib_a-fvwrite.o)
 .glue_7t       0x00007000        0x0 /home/teider/CodeSourcery/Sourcery_G++_Lite/bin/../lib/gcc/arm-none-eabi/4.2.3/../../../../arm-none-eabi/lib/libc.a(lib_a-fwalk.o)
 .glue_7t       0x00007000        0x0 /home/teider/CodeSourcery/Sourcery_G++_Lite/bin/../lib/gcc/arm-none-eabi/4.2.3/../../../../arm-none-eabi/lib/libc.a(lib_a-gettimeofdayr.o)
 .glue_7t       0x00007000        0x0 /home/teider/CodeSourcery/Sourcery_G++_Lite/bin/../lib/gcc/arm-none-eabi/4.2.3/../../../../arm-none-eabi/lib/libc.a(lib_a-gettzinfo.o)
 .glue_7t       0x00007000        0x0 /home/teider/CodeSourcery/Sourcery_G++_Lite/bin/../lib/gcc/arm-none-eabi/4.2.3/../../../../arm-none-eabi/lib/libc.a(lib_a-isattyr.o)
 .glue_7t       0x00007000        0x0 /home/teider/CodeSourcery/Sourcery_G++_Lite/bin/../lib/gcc/arm-none-eabi/4.2.3/../../../../arm-none-eabi/lib/libc.a(lib_a-lseekr.o)
 .glue_7t       0x00007000        0x0 /home/teider/CodeSourcery/Sourcery_G++_Lite/bin/../lib/gcc/arm-none-eabi/4.2.3/../../../../arm-none-eabi/lib/libc.a(lib_a-memchr.o)
 .glue_7t       0x00007000        0x0 /home/teider/CodeSourcery/Sourcery_G++_Lite/bin/../lib/gcc/arm-none-eabi/4.2.3/../../../../arm-none-eabi/lib/libc.a(lib_a-memmove.o)
 .glue_7t       0x00007000        0x0 /home/teider/CodeSourcery/Sourcery_G++_Lite/bin/../lib/gcc/arm-none-eabi/4.2.3/../../../../arm-none-eabi/lib/libc.a(lib_a-readr.o)
 .glue_7t       0x00007000        0x0 /home/teider/CodeSourcery/Sourcery_G++_Lite/bin/../lib/gcc/arm-none-eabi/4.2.3/../../../../arm-none-eabi/lib/libc.a(lib_a-reallocr.o)
 .glue_7t       0x00007000        0x0 /home/teider/CodeSourcery/Sourcery_G++_Lite/bin/../lib/gcc/arm-none-eabi/4.2.3/../../../../arm-none-eabi/lib/libc.a(lib_a-__atexit.o)
 .glue_7t       0x00007000        0x0 /home/teider/CodeSourcery/Sourcery_G++_Lite/bin/../lib/gcc/arm-none-eabi/4.2.3/../../../../arm-none-eabi/lib/libc.a(lib_a-fclose.o)
 .glue_7t       0x00007000        0x0 /home/teider/CodeSourcery/Sourcery_G++_Lite/bin/../lib/gcc/arm-none-eabi/4.2.3/libgcc.a(_aeabi_uldivmod.o)
 .glue_7t       0x00007000        0x0 /home/teider/CodeSourcery/Sourcery_G++_Lite/bin/../lib/gcc/arm-none-eabi/4.2.3/libgcc.a(bpabi.o)
 .glue_7t       0x00007000        0x0 /home/teider/CodeSourcery/Sourcery_G++_Lite/bin/../lib/gcc/arm-none-eabi/4.2.3/libgcc.a(_divdi3.o)
 .glue_7t       0x00007000        0x0 /home/teider/CodeSourcery/Sourcery_G++_Lite/bin/../lib/gcc/arm-none-eabi/4.2.3/libgcc.a(_udivdi3.o)
 .glue_7t       0x00007000        0x0 /home/teider/CodeSourcery/Sourcery_G++_Lite/bin/../lib/gcc/arm-none-eabi/4.2.3/libgcc.a(_clz.o)
 .glue_7t       0x00007000        0x0 /home/teider/CodeSourcery/Sourcery_G++_Lite/bin/../lib/gcc/arm-none-eabi/4.2.3/crtend.o
 .glue_7t       0x00007000        0x0 /home/teider/CodeSourcery/Sourcery_G++_Lite/bin/../lib/gcc/arm-none-eabi/4.2.3/crtn.o
 *(.glue_7)
 .glue_7        0x00007000        0x0 /home/teider/CodeSourcery/Sourcery_G++_Lite/bin/../lib/gcc/arm-none-eabi/4.2.3/crti.o
 .glue_7        0x00007000        0x0 /home/teider/CodeSourcery/Sourcery_G++_Lite/bin/../lib/gcc/arm-none-eabi/4.2.3/crtbegin.o
 .glue_7        0x00007000        0x0 lpc2106-cmucam3_buildfiles/main.o
 .glue_7        0x00007000        0x0 ../../lib/cc3-ilp/libcc3-ilp_lpc2106-cmucam3.a(cc3_color_track.o)
 .glue_7        0x00007000        0x0 ../../lib/cc3-ilp/libcc3-ilp_lpc2106-cmucam3.a(cc3_ilp.o)
 .glue_7        0x00007000        0x0 ../../hal/lpc2106-cmucam3/libhal-lpc2106-cmucam3.a(interrupt.o)
 .glue_7        0x00007000        0x0 ../../hal/lpc2106-cmucam3/libhal-lpc2106-cmucam3.a(cc3.o)
 .glue_7        0x00007000        0x0 ../../hal/lpc2106-cmucam3/libhal-lpc2106-cmucam3.a(cc3_hal.o)
 .glue_7        0x00007000        0x0 ../../hal/lpc2106-cmucam3/libhal-lpc2106-cmucam3.a(syscalls.o)
 .glue_7        0x00007000        0x0 ../../hal/lpc2106-cmucam3/libhal-lpc2106-cmucam3.a(serial.o)
 .glue_7        0x00007000        0x0 ../../hal/lpc2106-cmucam3/libhal-lpc2106-cmucam3.a(servo.o)
 .glue_7        0x00007000        0x0 ../../hal/lpc2106-cmucam3/libhal-lpc2106-cmucam3.a(rdcf2.o)
 .glue_7        0x00007000        0x0 ../../hal/lpc2106-cmucam3/libhal-lpc2106-cmucam3.a(mmc_hardware.o)
 .glue_7        0x00007000        0x0 ../../hal/lpc2106-cmucam3/libhal-lpc2106-cmucam3.a(mmc_driver.o)
 .glue_7        0x00007000        0x0 ../../hal/lpc2106-cmucam3/libhal-lpc2106-cmucam3.a(gpio.o)
 .glue_7        0x00007000        0x0 ../../hal/lpc2106-cmucam3/libhal-lpc2106-cmucam3.a(devices.o)
 .glue_7        0x00007000        0x0 ../../hal/lpc2106-cmucam3/libhal-lpc2106-cmucam3.a(uart_driver.o)
 .glue_7        0x00007000        0x0 ../../hal/lpc2106-cmucam3/libhal-lpc2106-cmucam3.a(startup.o)
 .glue_7        0x00007000        0x0 /home/teider/CodeSourcery/Sourcery_G++_Lite/bin/../lib/gcc/arm-none-eabi/4.2.3/libgcc.a(_udivsi3.o)
 .glue_7        0x00007000        0x0 /home/teider/CodeSourcery/Sourcery_G++_Lite/bin/../lib/gcc/arm-none-eabi/4.2.3/libgcc.a(_divsi3.o)
 .glue_7        0x00007000        0x0 /home/teider/CodeSourcery/Sourcery_G++_Lite/bin/../lib/gcc/arm-none-eabi/4.2.3/libgcc.a(_dvmd_tls.o)
 .glue_7        0x00007000        0x0 /home/teider/CodeSourcery/Sourcery_G++_Lite/bin/../lib/gcc/arm-none-eabi/4.2.3/../../../../arm-none-eabi/lib/libc.a(lib_a-calloc.o)
 .glue_7        0x00007000        0x0 /home/teider/CodeSourcery/Sourcery_G++_Lite/bin/../lib/gcc/arm-none-eabi/4.2.3/../../../../arm-none-eabi/lib/libc.a(lib_a-callocr.o)
 .glue_7        0x00007000        0x0 /home/teider/CodeSourcery/Sourcery_G++_Lite/bin/../lib/gcc/arm-none-eabi/4.2.3/../../../../arm-none-eabi/lib/libc.a(lib_a-ctype_.o)
 .glue_7        0x00007000        0x0 /home/teider/CodeSourcery/Sourcery_G++_Lite/bin/../lib/gcc/arm-none-eabi/4.2.3/../../../../arm-none-eabi/lib/libc.a(lib_a-exit.o)
 .glue_7        0x00007000        0x0 /home/teider/CodeSourcery/Sourcery_G++_Lite/bin/../lib/gcc/arm-none-eabi/4.2.3/../../../../arm-none-eabi/lib/libc.a(lib_a-fopen.o)
 .glue_7        0x00007000        0x0 /home/teider/CodeSourcery/Sourcery_G++_Lite/bin/../lib/gcc/arm-none-eabi/4.2.3/../../../../arm-none-eabi/lib/libc.a(lib_a-fseek.o)
 .glue_7        0x00007000        0x0 /home/teider/CodeSourcery/Sourcery_G++_Lite/bin/../lib/gcc/arm-none-eabi/4.2.3/../../../../arm-none-eabi/lib/libc.a(lib_a-fstatr.o)
 .glue_7        0x00007000        0x0 /home/teider/CodeSourcery/Sourcery_G++_Lite/bin/../lib/gcc/arm-none-eabi/4.2.3/../../../../arm-none-eabi/lib/libc.a(lib_a-impure.o)
 .glue_7        0x00007000        0x0 /home/teider/CodeSourcery/Sourcery_G++_Lite/bin/../lib/gcc/arm-none-eabi/4.2.3/../../../../arm-none-eabi/lib/libc.a(lib_a-iprintf.o)
 .glue_7        0x00007000        0x0 /home/teider/CodeSourcery/Sourcery_G++_Lite/bin/../lib/gcc/arm-none-eabi/4.2.3/../../../../arm-none-eabi/lib/libc.a(lib_a-lcltime_r.o)
 .glue_7        0x00007000        0x0 /home/teider/CodeSourcery/Sourcery_G++_Lite/bin/../lib/gcc/arm-none-eabi/4.2.3/../../../../arm-none-eabi/lib/libc.a(lib_a-makebuf.o)
 .glue_7        0x00007000        0x0 /home/teider/CodeSourcery/Sourcery_G++_Lite/bin/../lib/gcc/arm-none-eabi/4.2.3/../../../../arm-none-eabi/lib/libc.a(lib_a-malloc.o)
 .glue_7        0x00007000        0x0 /home/teider/CodeSourcery/Sourcery_G++_Lite/bin/../lib/gcc/arm-none-eabi/4.2.3/../../../../arm-none-eabi/lib/libc.a(lib_a-mallocr.o)
 .glue_7        0x00007000        0x0 /home/teider/CodeSourcery/Sourcery_G++_Lite/bin/../lib/gcc/arm-none-eabi/4.2.3/../../../../arm-none-eabi/lib/libc.a(lib_a-memcmp.o)
 .glue_7        0x00007000        0x0 /home/teider/CodeSourcery/Sourcery_G++_Lite/bin/../lib/gcc/arm-none-eabi/4.2.3/../../../../arm-none-eabi/lib/libc.a(lib_a-memcpy.o)
 .glue_7        0x00007000        0x0 /home/teider/CodeSourcery/Sourcery_G++_Lite/bin/../lib/gcc/arm-none-eabi/4.2.3/../../../../arm-none-eabi/lib/libc.a(lib_a-memset.o)
 .glue_7        0x00007000        0x0 /home/teider/CodeSourcery/Sourcery_G++_Lite/bin/../lib/gcc/arm-none-eabi/4.2.3/../../../../arm-none-eabi/lib/libc.a(lib_a-mktm_r.o)
 .glue_7        0x00007000        0x0 /home/teider/CodeSourcery/Sourcery_G++_Lite/bin/../lib/gcc/arm-none-eabi/4.2.3/../../../../arm-none-eabi/lib/libc.a(lib_a-mlock.o)
 .glue_7        0x00007000        0x0 /home/teider/CodeSourcery/Sourcery_G++_Lite/bin/../lib/gcc/arm-none-eabi/4.2.3/../../../../arm-none-eabi/lib/libc.a(lib_a-openr.o)
 .glue_7        0x00007000        0x0 /home/teider/CodeSourcery/Sourcery_G++_Lite/bin/../lib/gcc/arm-none-eabi/4.2.3/../../../../arm-none-eabi/lib/libc.a(lib_a-reent.o)
 .glue_7        0x00007000        0x0 /home/teider/CodeSourcery/Sourcery_G++_Lite/bin/../lib/gcc/arm-none-eabi/4.2.3/../../../../arm-none-eabi/lib/libc.a(lib_a-refill.o)
 .glue_7        0x00007000        0x0 /home/teider/CodeSourcery/Sourcery_G++_Lite/bin/../lib/gcc/arm-none-eabi/4.2.3/../../../../arm-none-eabi/lib/libc.a(lib_a-sbrkr.o)
 .glue_7        0x00007000        0x0 /home/teider/CodeSourcery/Sourcery_G++_Lite/bin/../lib/gcc/arm-none-eabi/4.2.3/../../../../arm-none-eabi/lib/libc.a(lib_a-setbuf.o)
 .glue_7        0x00007000        0x0 /home/teider/CodeSourcery/Sourcery_G++_Lite/bin/../lib/gcc/arm-none-eabi/4.2.3/../../../../arm-none-eabi/lib/libc.a(lib_a-setjmp.o)
 .glue_7        0x00007000        0x0 /home/teider/CodeSourcery/Sourcery_G++_Lite/bin/../lib/gcc/arm-none-eabi/4.2.3/../../../../arm-none-eabi/lib/libc.a(lib_a-setvbuf.o)
 .glue_7        0x00007000        0x0 /home/teider/CodeSourcery/Sourcery_G++_Lite/bin/../lib/gcc/arm-none-eabi/4.2.3/../../../../arm-none-eabi/lib/libc.a(lib_a-sniprintf.o)
 .glue_7        0x00007000        0x0 /home/teider/CodeSourcery/Sourcery_G++_Lite/bin/../lib/gcc/arm-none-eabi/4.2.3/../../../../arm-none-eabi/lib/libc.a(lib_a-stdio.o)
 .glue_7        0x00007000        0x0 /home/teider/CodeSourcery/Sourcery_G++_Lite/bin/../lib/gcc/arm-none-eabi/4.2.3/../../../../arm-none-eabi/lib/libc.a(lib_a-strdup.o)
 .glue_7        0x00007000        0x0 /home/teider/CodeSourcery/Sourcery_G++_Lite/bin/../lib/gcc/arm-none-eabi/4.2.3/../../../../arm-none-eabi/lib/libc.a(lib_a-strdup_r.o)
 .glue_7        0x00007000        0x0 /home/teider/CodeSourcery/Sourcery_G++_Lite/bin/../lib/gcc/arm-none-eabi/4.2.3/../../../../arm-none-eabi/lib/libc.a(lib_a-strlen.o)
 .glue_7        0x00007000        0x0 /home/teider/CodeSourcery/Sourcery_G++_Lite/bin/../lib/gcc/arm-none-eabi/4.2.3/../../../../arm-none-eabi/lib/libc.a(lib_a-strtol.o)
 .glue_7        0x00007000        0x0 /home/teider/CodeSourcery/Sourcery_G++_Lite/bin/../lib/gcc/arm-none-eabi/4.2.3/../../../../arm-none-eabi/lib/libc.a(lib_a-sysgettod.o)
 .glue_7        0x00007000        0x0 /home/teider/CodeSourcery/Sourcery_G++_Lite/bin/../lib/gcc/arm-none-eabi/4.2.3/../../../../arm-none-eabi/lib/libc.a(lib_a-tzlock.o)
 .glue_7        0x00007000        0x0 /home/teider/CodeSourcery/Sourcery_G++_Lite/bin/../lib/gcc/arm-none-eabi/4.2.3/../../../../arm-none-eabi/lib/libc.a(lib_a-tzvars.o)
 .glue_7        0x00007000        0x0 /home/teider/CodeSourcery/Sourcery_G++_Lite/bin/../lib/gcc/arm-none-eabi/4.2.3/../../../../arm-none-eabi/lib/libc.a(lib_a-vfiprintf.o)
 .glue_7        0x00007000        0x0 /home/teider/CodeSourcery/Sourcery_G++_Lite/bin/../lib/gcc/arm-none-eabi/4.2.3/../../../../arm-none-eabi/lib/libc.a(lib_a-writer.o)
 .glue_7        0x00007000        0x0 /home/teider/CodeSourcery/Sourcery_G++_Lite/bin/../lib/gcc/arm-none-eabi/4.2.3/../../../../arm-none-eabi/lib/libc.a(lib_a-wsetup.o)
 .glue_7        0x00007000        0x0 /home/teider/CodeSourcery/Sourcery_G++_Lite/bin/../lib/gcc/arm-none-eabi/4.2.3/../../../../arm-none-eabi/lib/libc.a(lib_a-__call_atexit.o)
 .glue_7        0x00007000        0x0 /home/teider/CodeSourcery/Sourcery_G++_Lite/bin/../lib/gcc/arm-none-eabi/4.2.3/../../../../arm-none-eabi/lib/libc.a(lib_a-atexit.o)
 .glue_7        0x00007000        0x0 /home/teider/CodeSourcery/Sourcery_G++_Lite/bin/../lib/gcc/arm-none-eabi/4.2.3/../../../../arm-none-eabi/lib/libc.a(lib_a-closer.o)
 .glue_7        0x00007000        0x0 /home/teider/CodeSourcery/Sourcery_G++_Lite/bin/../lib/gcc/arm-none-eabi/4.2.3/../../../../arm-none-eabi/lib/libc.a(lib_a-fflush.o)
 .glue_7        0x00007000        0x0 /home/teider/CodeSourcery/Sourcery_G++_Lite/bin/../lib/gcc/arm-none-eabi/4.2.3/../../../../arm-none-eabi/lib/libc.a(lib_a-findfp.o)
 .glue_7        0x00007000        0x0 /home/teider/CodeSourcery/Sourcery_G++_Lite/bin/../lib/gcc/arm-none-eabi/4.2.3/../../../../arm-none-eabi/lib/libc.a(lib_a-fini.o)
 .glue_7        0x00007000        0x0 /home/teider/CodeSourcery/Sourcery_G++_Lite/bin/../lib/gcc/arm-none-eabi/4.2.3/../../../../arm-none-eabi/lib/libc.a(lib_a-flags.o)
 .glue_7        0x00007000        0x0 /home/teider/CodeSourcery/Sourcery_G++_Lite/bin/../lib/gcc/arm-none-eabi/4.2.3/../../../../arm-none-eabi/lib/libc.a(lib_a-freer.o)
 .glue_7        0x00007000        0x0 /home/teider/CodeSourcery/Sourcery_G++_Lite/bin/../lib/gcc/arm-none-eabi/4.2.3/../../../../arm-none-eabi/lib/libc.a(lib_a-fvwrite.o)
 .glue_7        0x00007000        0x0 /home/teider/CodeSourcery/Sourcery_G++_Lite/bin/../lib/gcc/arm-none-eabi/4.2.3/../../../../arm-none-eabi/lib/libc.a(lib_a-fwalk.o)
 .glue_7        0x00007000        0x0 /home/teider/CodeSourcery/Sourcery_G++_Lite/bin/../lib/gcc/arm-none-eabi/4.2.3/../../../../arm-none-eabi/lib/libc.a(lib_a-gettimeofdayr.o)
 .glue_7        0x00007000        0x0 /home/teider/CodeSourcery/Sourcery_G++_Lite/bin/../lib/gcc/arm-none-eabi/4.2.3/../../../../arm-none-eabi/lib/libc.a(lib_a-gettzinfo.o)
 .glue_7        0x00007000        0x0 /home/teider/CodeSourcery/Sourcery_G++_Lite/bin/../lib/gcc/arm-none-eabi/4.2.3/../../../../arm-none-eabi/lib/libc.a(lib_a-isattyr.o)
 .glue_7        0x00007000        0x0 /home/teider/CodeSourcery/Sourcery_G++_Lite/bin/../lib/gcc/arm-none-eabi/4.2.3/../../../../arm-none-eabi/lib/libc.a(lib_a-lseekr.o)
 .glue_7        0x00007000        0x0 /home/teider/CodeSourcery/Sourcery_G++_Lite/bin/../lib/gcc/arm-none-eabi/4.2.3/../../../../arm-none-eabi/lib/libc.a(lib_a-memchr.o)
 .glue_7        0x00007000        0x0 /home/teider/CodeSourcery/Sourcery_G++_Lite/bin/../lib/gcc/arm-none-eabi/4.2.3/../../../../arm-none-eabi/lib/libc.a(lib_a-memmove.o)
 .glue_7        0x00007000        0x0 /home/teider/CodeSourcery/Sourcery_G++_Lite/bin/../lib/gcc/arm-none-eabi/4.2.3/../../../../arm-none-eabi/lib/libc.a(lib_a-readr.o)
 .glue_7        0x00007000        0x0 /home/teider/CodeSourcery/Sourcery_G++_Lite/bin/../lib/gcc/arm-none-eabi/4.2.3/../../../../arm-none-eabi/lib/libc.a(lib_a-reallocr.o)
 .glue_7        0x00007000        0x0 /home/teider/CodeSourcery/Sourcery_G++_Lite/bin/../lib/gcc/arm-none-eabi/4.2.3/../../../../arm-none-eabi/lib/libc.a(lib_a-__atexit.o)
 .glue_7        0x00007000        0x0 /home/teider/CodeSourcery/Sourcery_G++_Lite/bin/../lib/gcc/arm-none-eabi/4.2.3/../../../../arm-none-eabi/lib/libc.a(lib_a-fclose.o)
 .glue_7        0x00007000        0x0 /home/teider/CodeSourcery/Sourcery_G++_Lite/bin/../lib/gcc/arm-none-eabi/4.2.3/libgcc.a(_aeabi_uldivmod.o)
 .glue_7        0x00007000        0x0 /home/teider/CodeSourcery/Sourcery_G++_Lite/bin/../lib/gcc/arm-none-eabi/4.2.3/libgcc.a(bpabi.o)
 .glue_7        0x00007000        0x0 /home/teider/CodeSourcery/Sourcery_G++_Lite/bin/../lib/gcc/arm-none-eabi/4.2.3/libgcc.a(_divdi3.o)
 .glue_7        0x00007000        0x0 /home/teider/CodeSourcery/Sourcery_G++_Lite/bin/../lib/gcc/arm-none-eabi/4.2.3/libgcc.a(_udivdi3.o)
 .glue_7        0x00007000        0x0 /home/teider/CodeSourcery/Sourcery_G++_Lite/bin/../lib/gcc/arm-none-eabi/4.2.3/libgcc.a(_clz.o)
 .glue_7        0x00007000        0x0 /home/teider/CodeSourcery/Sourcery_G++_Lite/bin/../lib/gcc/arm-none-eabi/4.2.3/crtend.o
 .glue_7        0x00007000        0x0 /home/teider/CodeSourcery/Sourcery_G++_Lite/bin/../lib/gcc/arm-none-eabi/4.2.3/crtn.o
 *(.vfp11_veneer)
 .vfp11_veneer  0x00007000        0x0 /home/teider/CodeSourcery/Sourcery_G++_Lite/bin/../lib/gcc/arm-none-eabi/4.2.3/crti.o
 .vfp11_veneer  0x00007000        0x0 /home/teider/CodeSourcery/Sourcery_G++_Lite/bin/../lib/gcc/arm-none-eabi/4.2.3/crtbegin.o
 .vfp11_veneer  0x00007000        0x0 lpc2106-cmucam3_buildfiles/main.o
 .vfp11_veneer  0x00007000        0x0 ../../lib/cc3-ilp/libcc3-ilp_lpc2106-cmucam3.a(cc3_color_track.o)
 .vfp11_veneer  0x00007000        0x0 ../../lib/cc3-ilp/libcc3-ilp_lpc2106-cmucam3.a(cc3_ilp.o)
 .vfp11_veneer  0x00007000        0x0 ../../hal/lpc2106-cmucam3/libhal-lpc2106-cmucam3.a(interrupt.o)
 .vfp11_veneer  0x00007000        0x0 ../../hal/lpc2106-cmucam3/libhal-lpc2106-cmucam3.a(cc3.o)
 .vfp11_veneer  0x00007000        0x0 ../../hal/lpc2106-cmucam3/libhal-lpc2106-cmucam3.a(cc3_hal.o)
 .vfp11_veneer  0x00007000        0x0 ../../hal/lpc2106-cmucam3/libhal-lpc2106-cmucam3.a(syscalls.o)
 .vfp11_veneer  0x00007000        0x0 ../../hal/lpc2106-cmucam3/libhal-lpc2106-cmucam3.a(serial.o)
 .vfp11_veneer  0x00007000        0x0 ../../hal/lpc2106-cmucam3/libhal-lpc2106-cmucam3.a(servo.o)
 .vfp11_veneer  0x00007000        0x0 ../../hal/lpc2106-cmucam3/libhal-lpc2106-cmucam3.a(rdcf2.o)
 .vfp11_veneer  0x00007000        0x0 ../../hal/lpc2106-cmucam3/libhal-lpc2106-cmucam3.a(mmc_hardware.o)
 .vfp11_veneer  0x00007000        0x0 ../../hal/lpc2106-cmucam3/libhal-lpc2106-cmucam3.a(mmc_driver.o)
 .vfp11_veneer  0x00007000        0x0 ../../hal/lpc2106-cmucam3/libhal-lpc2106-cmucam3.a(gpio.o)
 .vfp11_veneer  0x00007000        0x0 ../../hal/lpc2106-cmucam3/libhal-lpc2106-cmucam3.a(devices.o)
 .vfp11_veneer  0x00007000        0x0 ../../hal/lpc2106-cmucam3/libhal-lpc2106-cmucam3.a(uart_driver.o)
 .vfp11_veneer  0x00007000        0x0 ../../hal/lpc2106-cmucam3/libhal-lpc2106-cmucam3.a(startup.o)
 .vfp11_veneer  0x00007000        0x0 /home/teider/CodeSourcery/Sourcery_G++_Lite/bin/../lib/gcc/arm-none-eabi/4.2.3/libgcc.a(_udivsi3.o)
 .vfp11_veneer  0x00007000        0x0 /home/teider/CodeSourcery/Sourcery_G++_Lite/bin/../lib/gcc/arm-none-eabi/4.2.3/libgcc.a(_divsi3.o)
 .vfp11_veneer  0x00007000        0x0 /home/teider/CodeSourcery/Sourcery_G++_Lite/bin/../lib/gcc/arm-none-eabi/4.2.3/libgcc.a(_dvmd_tls.o)
 .vfp11_veneer  0x00007000        0x0 /home/teider/CodeSourcery/Sourcery_G++_Lite/bin/../lib/gcc/arm-none-eabi/4.2.3/../../../../arm-none-eabi/lib/libc.a(lib_a-calloc.o)
 .vfp11_veneer  0x00007000        0x0 /home/teider/CodeSourcery/Sourcery_G++_Lite/bin/../lib/gcc/arm-none-eabi/4.2.3/../../../../arm-none-eabi/lib/libc.a(lib_a-callocr.o)
 .vfp11_veneer  0x00007000        0x0 /home/teider/CodeSourcery/Sourcery_G++_Lite/bin/../lib/gcc/arm-none-eabi/4.2.3/../../../../arm-none-eabi/lib/libc.a(lib_a-ctype_.o)
 .vfp11_veneer  0x00007000        0x0 /home/teider/CodeSourcery/Sourcery_G++_Lite/bin/../lib/gcc/arm-none-eabi/4.2.3/../../../../arm-none-eabi/lib/libc.a(lib_a-exit.o)
 .vfp11_veneer  0x00007000        0x0 /home/teider/CodeSourcery/Sourcery_G++_Lite/bin/../lib/gcc/arm-none-eabi/4.2.3/../../../../arm-none-eabi/lib/libc.a(lib_a-fopen.o)
 .vfp11_veneer  0x00007000        0x0 /home/teider/CodeSourcery/Sourcery_G++_Lite/bin/../lib/gcc/arm-none-eabi/4.2.3/../../../../arm-none-eabi/lib/libc.a(lib_a-fseek.o)
 .vfp11_veneer  0x00007000        0x0 /home/teider/CodeSourcery/Sourcery_G++_Lite/bin/../lib/gcc/arm-none-eabi/4.2.3/../../../../arm-none-eabi/lib/libc.a(lib_a-fstatr.o)
 .vfp11_veneer  0x00007000        0x0 /home/teider/CodeSourcery/Sourcery_G++_Lite/bin/../lib/gcc/arm-none-eabi/4.2.3/../../../../arm-none-eabi/lib/libc.a(lib_a-impure.o)
 .vfp11_veneer  0x00007000        0x0 /home/teider/CodeSourcery/Sourcery_G++_Lite/bin/../lib/gcc/arm-none-eabi/4.2.3/../../../../arm-none-eabi/lib/libc.a(lib_a-iprintf.o)
 .vfp11_veneer  0x00007000        0x0 /home/teider/CodeSourcery/Sourcery_G++_Lite/bin/../lib/gcc/arm-none-eabi/4.2.3/../../../../arm-none-eabi/lib/libc.a(lib_a-lcltime_r.o)
 .vfp11_veneer  0x00007000        0x0 /home/teider/CodeSourcery/Sourcery_G++_Lite/bin/../lib/gcc/arm-none-eabi/4.2.3/../../../../arm-none-eabi/lib/libc.a(lib_a-makebuf.o)
 .vfp11_veneer  0x00007000        0x0 /home/teider/CodeSourcery/Sourcery_G++_Lite/bin/../lib/gcc/arm-none-eabi/4.2.3/../../../../arm-none-eabi/lib/libc.a(lib_a-malloc.o)
 .vfp11_veneer  0x00007000        0x0 /home/teider/CodeSourcery/Sourcery_G++_Lite/bin/../lib/gcc/arm-none-eabi/4.2.3/../../../../arm-none-eabi/lib/libc.a(lib_a-mallocr.o)
 .vfp11_veneer  0x00007000        0x0 /home/teider/CodeSourcery/Sourcery_G++_Lite/bin/../lib/gcc/arm-none-eabi/4.2.3/../../../../arm-none-eabi/lib/libc.a(lib_a-memcmp.o)
 .vfp11_veneer  0x00007000        0x0 /home/teider/CodeSourcery/Sourcery_G++_Lite/bin/../lib/gcc/arm-none-eabi/4.2.3/../../../../arm-none-eabi/lib/libc.a(lib_a-memcpy.o)
 .vfp11_veneer  0x00007000        0x0 /home/teider/CodeSourcery/Sourcery_G++_Lite/bin/../lib/gcc/arm-none-eabi/4.2.3/../../../../arm-none-eabi/lib/libc.a(lib_a-memset.o)
 .vfp11_veneer  0x00007000        0x0 /home/teider/CodeSourcery/Sourcery_G++_Lite/bin/../lib/gcc/arm-none-eabi/4.2.3/../../../../arm-none-eabi/lib/libc.a(lib_a-mktm_r.o)
 .vfp11_veneer  0x00007000        0x0 /home/teider/CodeSourcery/Sourcery_G++_Lite/bin/../lib/gcc/arm-none-eabi/4.2.3/../../../../arm-none-eabi/lib/libc.a(lib_a-mlock.o)
 .vfp11_veneer  0x00007000        0x0 /home/teider/CodeSourcery/Sourcery_G++_Lite/bin/../lib/gcc/arm-none-eabi/4.2.3/../../../../arm-none-eabi/lib/libc.a(lib_a-openr.o)
 .vfp11_veneer  0x00007000        0x0 /home/teider/CodeSourcery/Sourcery_G++_Lite/bin/../lib/gcc/arm-none-eabi/4.2.3/../../../../arm-none-eabi/lib/libc.a(lib_a-reent.o)
 .vfp11_veneer  0x00007000        0x0 /home/teider/CodeSourcery/Sourcery_G++_Lite/bin/../lib/gcc/arm-none-eabi/4.2.3/../../../../arm-none-eabi/lib/libc.a(lib_a-refill.o)
 .vfp11_veneer  0x00007000        0x0 /home/teider/CodeSourcery/Sourcery_G++_Lite/bin/../lib/gcc/arm-none-eabi/4.2.3/../../../../arm-none-eabi/lib/libc.a(lib_a-sbrkr.o)
 .vfp11_veneer  0x00007000        0x0 /home/teider/CodeSourcery/Sourcery_G++_Lite/bin/../lib/gcc/arm-none-eabi/4.2.3/../../../../arm-none-eabi/lib/libc.a(lib_a-setbuf.o)
 .vfp11_veneer  0x00007000        0x0 /home/teider/CodeSourcery/Sourcery_G++_Lite/bin/../lib/gcc/arm-none-eabi/4.2.3/../../../../arm-none-eabi/lib/libc.a(lib_a-setjmp.o)
 .vfp11_veneer  0x00007000        0x0 /home/teider/CodeSourcery/Sourcery_G++_Lite/bin/../lib/gcc/arm-none-eabi/4.2.3/../../../../arm-none-eabi/lib/libc.a(lib_a-setvbuf.o)
 .vfp11_veneer  0x00007000        0x0 /home/teider/CodeSourcery/Sourcery_G++_Lite/bin/../lib/gcc/arm-none-eabi/4.2.3/../../../../arm-none-eabi/lib/libc.a(lib_a-sniprintf.o)
 .vfp11_veneer  0x00007000        0x0 /home/teider/CodeSourcery/Sourcery_G++_Lite/bin/../lib/gcc/arm-none-eabi/4.2.3/../../../../arm-none-eabi/lib/libc.a(lib_a-stdio.o)
 .vfp11_veneer  0x00007000        0x0 /home/teider/CodeSourcery/Sourcery_G++_Lite/bin/../lib/gcc/arm-none-eabi/4.2.3/../../../../arm-none-eabi/lib/libc.a(lib_a-strdup.o)
 .vfp11_veneer  0x00007000        0x0 /home/teider/CodeSourcery/Sourcery_G++_Lite/bin/../lib/gcc/arm-none-eabi/4.2.3/../../../../arm-none-eabi/lib/libc.a(lib_a-strdup_r.o)
 .vfp11_veneer  0x00007000        0x0 /home/teider/CodeSourcery/Sourcery_G++_Lite/bin/../lib/gcc/arm-none-eabi/4.2.3/../../../../arm-none-eabi/lib/libc.a(lib_a-strlen.o)
 .vfp11_veneer  0x00007000        0x0 /home/teider/CodeSourcery/Sourcery_G++_Lite/bin/../lib/gcc/arm-none-eabi/4.2.3/../../../../arm-none-eabi/lib/libc.a(lib_a-strtol.o)
 .vfp11_veneer  0x00007000        0x0 /home/teider/CodeSourcery/Sourcery_G++_Lite/bin/../lib/gcc/arm-none-eabi/4.2.3/../../../../arm-none-eabi/lib/libc.a(lib_a-sysgettod.o)
 .vfp11_veneer  0x00007000        0x0 /home/teider/CodeSourcery/Sourcery_G++_Lite/bin/../lib/gcc/arm-none-eabi/4.2.3/../../../../arm-none-eabi/lib/libc.a(lib_a-tzlock.o)
 .vfp11_veneer  0x00007000        0x0 /home/teider/CodeSourcery/Sourcery_G++_Lite/bin/../lib/gcc/arm-none-eabi/4.2.3/../../../../arm-none-eabi/lib/libc.a(lib_a-tzvars.o)
 .vfp11_veneer  0x00007000        0x0 /home/teider/CodeSourcery/Sourcery_G++_Lite/bin/../lib/gcc/arm-none-eabi/4.2.3/../../../../arm-none-eabi/lib/libc.a(lib_a-vfiprintf.o)
 .vfp11_veneer  0x00007000        0x0 /home/teider/CodeSourcery/Sourcery_G++_Lite/bin/../lib/gcc/arm-none-eabi/4.2.3/../../../../arm-none-eabi/lib/libc.a(lib_a-writer.o)
 .vfp11_veneer  0x00007000        0x0 /home/teider/CodeSourcery/Sourcery_G++_Lite/bin/../lib/gcc/arm-none-eabi/4.2.3/../../../../arm-none-eabi/lib/libc.a(lib_a-wsetup.o)
 .vfp11_veneer  0x00007000        0x0 /home/teider/CodeSourcery/Sourcery_G++_Lite/bin/../lib/gcc/arm-none-eabi/4.2.3/../../../../arm-none-eabi/lib/libc.a(lib_a-__call_atexit.o)
 .vfp11_veneer  0x00007000        0x0 /home/teider/CodeSourcery/Sourcery_G++_Lite/bin/../lib/gcc/arm-none-eabi/4.2.3/../../../../arm-none-eabi/lib/libc.a(lib_a-atexit.o)
 .vfp11_veneer  0x00007000        0x0 /home/teider/CodeSourcery/Sourcery_G++_Lite/bin/../lib/gcc/arm-none-eabi/4.2.3/../../../../arm-none-eabi/lib/libc.a(lib_a-closer.o)
 .vfp11_veneer  0x00007000        0x0 /home/teider/CodeSourcery/Sourcery_G++_Lite/bin/../lib/gcc/arm-none-eabi/4.2.3/../../../../arm-none-eabi/lib/libc.a(lib_a-fflush.o)
 .vfp11_veneer  0x00007000        0x0 /home/teider/CodeSourcery/Sourcery_G++_Lite/bin/../lib/gcc/arm-none-eabi/4.2.3/../../../../arm-none-eabi/lib/libc.a(lib_a-findfp.o)
 .vfp11_veneer  0x00007000        0x0 /home/teider/CodeSourcery/Sourcery_G++_Lite/bin/../lib/gcc/arm-none-eabi/4.2.3/../../../../arm-none-eabi/lib/libc.a(lib_a-fini.o)
 .vfp11_veneer  0x00007000        0x0 /home/teider/CodeSourcery/Sourcery_G++_Lite/bin/../lib/gcc/arm-none-eabi/4.2.3/../../../../arm-none-eabi/lib/libc.a(lib_a-flags.o)
 .vfp11_veneer  0x00007000        0x0 /home/teider/CodeSourcery/Sourcery_G++_Lite/bin/../lib/gcc/arm-none-eabi/4.2.3/../../../../arm-none-eabi/lib/libc.a(lib_a-freer.o)
 .vfp11_veneer  0x00007000        0x0 /home/teider/CodeSourcery/Sourcery_G++_Lite/bin/../lib/gcc/arm-none-eabi/4.2.3/../../../../arm-none-eabi/lib/libc.a(lib_a-fvwrite.o)
 .vfp11_veneer  0x00007000        0x0 /home/teider/CodeSourcery/Sourcery_G++_Lite/bin/../lib/gcc/arm-none-eabi/4.2.3/../../../../arm-none-eabi/lib/libc.a(lib_a-fwalk.o)
 .vfp11_veneer  0x00007000        0x0 /home/teider/CodeSourcery/Sourcery_G++_Lite/bin/../lib/gcc/arm-none-eabi/4.2.3/../../../../arm-none-eabi/lib/libc.a(lib_a-gettimeofdayr.o)
 .vfp11_veneer  0x00007000        0x0 /home/teider/CodeSourcery/Sourcery_G++_Lite/bin/../lib/gcc/arm-none-eabi/4.2.3/../../../../arm-none-eabi/lib/libc.a(lib_a-gettzinfo.o)
 .vfp11_veneer  0x00007000        0x0 /home/teider/CodeSourcery/Sourcery_G++_Lite/bin/../lib/gcc/arm-none-eabi/4.2.3/../../../../arm-none-eabi/lib/libc.a(lib_a-isattyr.o)
 .vfp11_veneer  0x00007000        0x0 /home/teider/CodeSourcery/Sourcery_G++_Lite/bin/../lib/gcc/arm-none-eabi/4.2.3/../../../../arm-none-eabi/lib/libc.a(lib_a-lseekr.o)
 .vfp11_veneer  0x00007000        0x0 /home/teider/CodeSourcery/Sourcery_G++_Lite/bin/../lib/gcc/arm-none-eabi/4.2.3/../../../../arm-none-eabi/lib/libc.a(lib_a-memchr.o)
 .vfp11_veneer  0x00007000        0x0 /home/teider/CodeSourcery/Sourcery_G++_Lite/bin/../lib/gcc/arm-none-eabi/4.2.3/../../../../arm-none-eabi/lib/libc.a(lib_a-memmove.o)
 .vfp11_veneer  0x00007000        0x0 /home/teider/CodeSourcery/Sourcery_G++_Lite/bin/../lib/gcc/arm-none-eabi/4.2.3/../../../../arm-none-eabi/lib/libc.a(lib_a-readr.o)
 .vfp11_veneer  0x00007000        0x0 /home/teider/CodeSourcery/Sourcery_G++_Lite/bin/../lib/gcc/arm-none-eabi/4.2.3/../../../../arm-none-eabi/lib/libc.a(lib_a-reallocr.o)
 .vfp11_veneer  0x00007000        0x0 /home/teider/CodeSourcery/Sourcery_G++_Lite/bin/../lib/gcc/arm-none-eabi/4.2.3/../../../../arm-none-eabi/lib/libc.a(lib_a-__atexit.o)
 .vfp11_veneer  0x00007000        0x0 /home/teider/CodeSourcery/Sourcery_G++_Lite/bin/../lib/gcc/arm-none-eabi/4.2.3/../../../../arm-none-eabi/lib/libc.a(lib_a-fclose.o)
 .vfp11_veneer  0x00007000        0x0 /home/teider/CodeSourcery/Sourcery_G++_Lite/bin/../lib/gcc/arm-none-eabi/4.2.3/libgcc.a(_aeabi_uldivmod.o)
 .vfp11_veneer  0x00007000        0x0 /home/teider/CodeSourcery/Sourcery_G++_Lite/bin/../lib/gcc/arm-none-eabi/4.2.3/libgcc.a(bpabi.o)
 .vfp11_veneer  0x00007000        0x0 /home/teider/CodeSourcery/Sourcery_G++_Lite/bin/../lib/gcc/arm-none-eabi/4.2.3/libgcc.a(_divdi3.o)
 .vfp11_veneer  0x00007000        0x0 /home/teider/CodeSourcery/Sourcery_G++_Lite/bin/../lib/gcc/arm-none-eabi/4.2.3/libgcc.a(_udivdi3.o)
 .vfp11_veneer  0x00007000        0x0 /home/teider/CodeSourcery/Sourcery_G++_Lite/bin/../lib/gcc/arm-none-eabi/4.2.3/libgcc.a(_clz.o)
 .vfp11_veneer  0x00007000        0x0 /home/teider/CodeSourcery/Sourcery_G++_Lite/bin/../lib/gcc/arm-none-eabi/4.2.3/crtend.o
 .vfp11_veneer  0x00007000        0x0 /home/teider/CodeSourcery/Sourcery_G++_Lite/bin/../lib/gcc/arm-none-eabi/4.2.3/crtn.o
 *(.rodata .rodata.* .gnu.linkonce.r.*)
 .rodata.str1.4
                0x00007000        0x3 lpc2106-cmucam3_buildfiles/main.o
                                  0x4 (size before relaxing)
 *fill*         0x00007003        0x1 00
 .rodata.str1.4
                0x00007004       0x2b ../../hal/lpc2106-cmucam3/libhal-lpc2106-cmucam3.a(interrupt.o)
                                 0x2c (size before relaxing)
 *fill*         0x0000702f        0x1 00
 .rodata.str1.4
                0x00007030        0xb ../../hal/lpc2106-cmucam3/libhal-lpc2106-cmucam3.a(serial.o)
                                 0x10 (size before relaxing)
 *fill*         0x0000703b        0x1 00
 .rodata._cc3_servo_map
                0x0000703c       0x10 ../../hal/lpc2106-cmucam3/libhal-lpc2106-cmucam3.a(servo.o)
                0x0000703c                _cc3_servo_map
 .rodata._cc3_uart_driver
                0x0000704c       0x2c ../../hal/lpc2106-cmucam3/libhal-lpc2106-cmucam3.a(uart_driver.o)
                0x0000704c                _cc3_uart_driver
 .rodata        0x00007078      0x101 /home/teider/CodeSourcery/Sourcery_G++_Lite/bin/../lib/gcc/arm-none-eabi/4.2.3/../../../../arm-none-eabi/lib/libc.a(lib_a-ctype_.o)
                0x00007078                _ctype_
 *fill*         0x00007179        0x3 00
 .rodata        0x0000717c        0x4 /home/teider/CodeSourcery/Sourcery_G++_Lite/bin/../lib/gcc/arm-none-eabi/4.2.3/../../../../arm-none-eabi/lib/libc.a(lib_a-impure.o)
                0x0000717c                _global_impure_ptr
 .rodata.str1.4
                0x00007180        0x2 /home/teider/CodeSourcery/Sourcery_G++_Lite/bin/../lib/gcc/arm-none-eabi/4.2.3/../../../../arm-none-eabi/lib/libc.a(lib_a-impure.o)
                                  0x4 (size before relaxing)
 .rodata        0x00007182       0x20 /home/teider/CodeSourcery/Sourcery_G++_Lite/bin/../lib/gcc/arm-none-eabi/4.2.3/../../../../arm-none-eabi/lib/libc.a(lib_a-vfiprintf.o)
 *fill*         0x000071a2        0x2 00
 .rodata.str1.4
                0x000071a4       0x4c /home/teider/CodeSourcery/Sourcery_G++_Lite/bin/../lib/gcc/arm-none-eabi/4.2.3/../../../../arm-none-eabi/lib/libc.a(lib_a-vfiprintf.o)
 .rodata        0x000071f0      0x100 /home/teider/CodeSourcery/Sourcery_G++_Lite/bin/../lib/gcc/arm-none-eabi/4.2.3/libgcc.a(_clz.o)
                0x000071f0                __clz_tab
 *(.ARM.extab* .gnu.linkonce.armextab.*)
 *(.gcc_except_table)
 *(.eh_frame_hdr)
 *(.eh_frame)
 .eh_frame      0x000072f0        0x0 /home/teider/CodeSourcery/Sourcery_G++_Lite/bin/../lib/gcc/arm-none-eabi/4.2.3/crtbegin.o
                0x000072f0                . = ALIGN (0x4)
 *(.init)
 .init          0x000072f0        0xc /home/teider/CodeSourcery/Sourcery_G++_Lite/bin/../lib/gcc/arm-none-eabi/4.2.3/crti.o
                0x000072f0                _init
 .init          0x000072fc        0xc /home/teider/CodeSourcery/Sourcery_G++_Lite/bin/../lib/gcc/arm-none-eabi/4.2.3/crtn.o
                0x00007308                . = ALIGN (0x4)
                0x00007308                __preinit_array_start = .
 *(.preinit_array)
                0x00007308                __preinit_array_end = .
                0x00007308                . = ALIGN (0x4)
                0x00007308                __init_array_start = .
 *(SORT(.init_array.*))
 .init_array.00000
                0x00007308        0x4 /home/teider/CodeSourcery/Sourcery_G++_Lite/bin/../lib/gcc/arm-none-eabi/4.2.3/../../../../arm-none-eabi/lib/libc.a(lib_a-__call_atexit.o)
 *(.init_array)
 .init_array    0x0000730c        0x4 /home/teider/CodeSourcery/Sourcery_G++_Lite/bin/../lib/gcc/arm-none-eabi/4.2.3/crtbegin.o
                0x00007310                __init_array_end = .
                0x00007310                . = ALIGN (0x4)
 *crtbegin.o(.ctors)
 *(EXCLUDE_FILE(*crtend.o) .ctors)
 *(SORT(.ctors.*))
 *crtend.o(.ctors)
                0x00007310                . = ALIGN (0x4)
 *(.fini)
 .fini          0x00007310        0xc /home/teider/CodeSourcery/Sourcery_G++_Lite/bin/../lib/gcc/arm-none-eabi/4.2.3/crti.o
                0x00007310                _fini
 .fini          0x0000731c        0xc /home/teider/CodeSourcery/Sourcery_G++_Lite/bin/../lib/gcc/arm-none-eabi/4.2.3/crtn.o
                0x00007328                . = ALIGN (0x4)
                0x00007328                __fini_array_start = .
 *(.fini_array)
 .fini_array    0x00007328        0x4 /home/teider/CodeSourcery/Sourcery_G++_Lite/bin/../lib/gcc/arm-none-eabi/4.2.3/crtbegin.o
 *(SORT(.fini_array.*))
                0x0000732c                __fini_array_end = .
 *crtbegin.o(.dtors)
 *(EXCLUDE_FILE(*crtend.o) .dtors)
 *(SORT(.dtors.*))
 *crtend.o(.dtors)
                0x0000732c                __exidx_start = .

.v4_bx          0x0000732c        0x0
 .v4_bx         0x0000732c        0x0 /home/teider/CodeSourcery/Sourcery_G++_Lite/bin/../lib/gcc/arm-none-eabi/4.2.3/crti.o
 .v4_bx         0x0000732c        0x0 /home/teider/CodeSourcery/Sourcery_G++_Lite/bin/../lib/gcc/arm-none-eabi/4.2.3/crtbegin.o
 .v4_bx         0x0000732c        0x0 lpc2106-cmucam3_buildfiles/main.o
 .v4_bx         0x0000732c        0x0 ../../lib/cc3-ilp/libcc3-ilp_lpc2106-cmucam3.a(cc3_color_track.o)
 .v4_bx         0x0000732c        0x0 ../../lib/cc3-ilp/libcc3-ilp_lpc2106-cmucam3.a(cc3_ilp.o)
 .v4_bx         0x0000732c        0x0 ../../hal/lpc2106-cmucam3/libhal-lpc2106-cmucam3.a(interrupt.o)
 .v4_bx         0x0000732c        0x0 ../../hal/lpc2106-cmucam3/libhal-lpc2106-cmucam3.a(cc3.o)
 .v4_bx         0x0000732c        0x0 ../../hal/lpc2106-cmucam3/libhal-lpc2106-cmucam3.a(cc3_hal.o)
 .v4_bx         0x0000732c        0x0 ../../hal/lpc2106-cmucam3/libhal-lpc2106-cmucam3.a(syscalls.o)
 .v4_bx         0x0000732c        0x0 ../../hal/lpc2106-cmucam3/libhal-lpc2106-cmucam3.a(serial.o)
 .v4_bx         0x0000732c        0x0 ../../hal/lpc2106-cmucam3/libhal-lpc2106-cmucam3.a(servo.o)
 .v4_bx         0x0000732c        0x0 ../../hal/lpc2106-cmucam3/libhal-lpc2106-cmucam3.a(rdcf2.o)
 .v4_bx         0x0000732c        0x0 ../../hal/lpc2106-cmucam3/libhal-lpc2106-cmucam3.a(mmc_hardware.o)
 .v4_bx         0x0000732c        0x0 ../../hal/lpc2106-cmucam3/libhal-lpc2106-cmucam3.a(mmc_driver.o)
 .v4_bx         0x0000732c        0x0 ../../hal/lpc2106-cmucam3/libhal-lpc2106-cmucam3.a(gpio.o)
 .v4_bx         0x0000732c        0x0 ../../hal/lpc2106-cmucam3/libhal-lpc2106-cmucam3.a(devices.o)
 .v4_bx         0x0000732c        0x0 ../../hal/lpc2106-cmucam3/libhal-lpc2106-cmucam3.a(uart_driver.o)
 .v4_bx         0x0000732c        0x0 ../../hal/lpc2106-cmucam3/libhal-lpc2106-cmucam3.a(startup.o)
 .v4_bx         0x0000732c        0x0 /home/teider/CodeSourcery/Sourcery_G++_Lite/bin/../lib/gcc/arm-none-eabi/4.2.3/libgcc.a(_udivsi3.o)
 .v4_bx         0x0000732c        0x0 /home/teider/CodeSourcery/Sourcery_G++_Lite/bin/../lib/gcc/arm-none-eabi/4.2.3/libgcc.a(_divsi3.o)
 .v4_bx         0x0000732c        0x0 /home/teider/CodeSourcery/Sourcery_G++_Lite/bin/../lib/gcc/arm-none-eabi/4.2.3/libgcc.a(_dvmd_tls.o)
 .v4_bx         0x0000732c        0x0 /home/teider/CodeSourcery/Sourcery_G++_Lite/bin/../lib/gcc/arm-none-eabi/4.2.3/../../../../arm-none-eabi/lib/libc.a(lib_a-calloc.o)
 .v4_bx         0x0000732c        0x0 /home/teider/CodeSourcery/Sourcery_G++_Lite/bin/../lib/gcc/arm-none-eabi/4.2.3/../../../../arm-none-eabi/lib/libc.a(lib_a-callocr.o)
 .v4_bx         0x0000732c        0x0 /home/teider/CodeSourcery/Sourcery_G++_Lite/bin/../lib/gcc/arm-none-eabi/4.2.3/../../../../arm-none-eabi/lib/libc.a(lib_a-ctype_.o)
 .v4_bx         0x0000732c        0x0 /home/teider/CodeSourcery/Sourcery_G++_Lite/bin/../lib/gcc/arm-none-eabi/4.2.3/../../../../arm-none-eabi/lib/libc.a(lib_a-exit.o)
 .v4_bx         0x0000732c        0x0 /home/teider/CodeSourcery/Sourcery_G++_Lite/bin/../lib/gcc/arm-none-eabi/4.2.3/../../../../arm-none-eabi/lib/libc.a(lib_a-fopen.o)
 .v4_bx         0x0000732c        0x0 /home/teider/CodeSourcery/Sourcery_G++_Lite/bin/../lib/gcc/arm-none-eabi/4.2.3/../../../../arm-none-eabi/lib/libc.a(lib_a-fseek.o)
 .v4_bx         0x0000732c        0x0 /home/teider/CodeSourcery/Sourcery_G++_Lite/bin/../lib/gcc/arm-none-eabi/4.2.3/../../../../arm-none-eabi/lib/libc.a(lib_a-fstatr.o)
 .v4_bx         0x0000732c        0x0 /home/teider/CodeSourcery/Sourcery_G++_Lite/bin/../lib/gcc/arm-none-eabi/4.2.3/../../../../arm-none-eabi/lib/libc.a(lib_a-impure.o)
 .v4_bx         0x0000732c        0x0 /home/teider/CodeSourcery/Sourcery_G++_Lite/bin/../lib/gcc/arm-none-eabi/4.2.3/../../../../arm-none-eabi/lib/libc.a(lib_a-iprintf.o)
 .v4_bx         0x0000732c        0x0 /home/teider/CodeSourcery/Sourcery_G++_Lite/bin/../lib/gcc/arm-none-eabi/4.2.3/../../../../arm-none-eabi/lib/libc.a(lib_a-lcltime_r.o)
 .v4_bx         0x0000732c        0x0 /home/teider/CodeSourcery/Sourcery_G++_Lite/bin/../lib/gcc/arm-none-eabi/4.2.3/../../../../arm-none-eabi/lib/libc.a(lib_a-makebuf.o)
 .v4_bx         0x0000732c        0x0 /home/teider/CodeSourcery/Sourcery_G++_Lite/bin/../lib/gcc/arm-none-eabi/4.2.3/../../../../arm-none-eabi/lib/libc.a(lib_a-malloc.o)
 .v4_bx         0x0000732c        0x0 /home/teider/CodeSourcery/Sourcery_G++_Lite/bin/../lib/gcc/arm-none-eabi/4.2.3/../../../../arm-none-eabi/lib/libc.a(lib_a-mallocr.o)
 .v4_bx         0x0000732c        0x0 /home/teider/CodeSourcery/Sourcery_G++_Lite/bin/../lib/gcc/arm-none-eabi/4.2.3/../../../../arm-none-eabi/lib/libc.a(lib_a-memcmp.o)
 .v4_bx         0x0000732c        0x0 /home/teider/CodeSourcery/Sourcery_G++_Lite/bin/../lib/gcc/arm-none-eabi/4.2.3/../../../../arm-none-eabi/lib/libc.a(lib_a-memcpy.o)
 .v4_bx         0x0000732c        0x0 /home/teider/CodeSourcery/Sourcery_G++_Lite/bin/../lib/gcc/arm-none-eabi/4.2.3/../../../../arm-none-eabi/lib/libc.a(lib_a-memset.o)
 .v4_bx         0x0000732c        0x0 /home/teider/CodeSourcery/Sourcery_G++_Lite/bin/../lib/gcc/arm-none-eabi/4.2.3/../../../../arm-none-eabi/lib/libc.a(lib_a-mktm_r.o)
 .v4_bx         0x0000732c        0x0 /home/teider/CodeSourcery/Sourcery_G++_Lite/bin/../lib/gcc/arm-none-eabi/4.2.3/../../../../arm-none-eabi/lib/libc.a(lib_a-mlock.o)
 .v4_bx         0x0000732c        0x0 /home/teider/CodeSourcery/Sourcery_G++_Lite/bin/../lib/gcc/arm-none-eabi/4.2.3/../../../../arm-none-eabi/lib/libc.a(lib_a-openr.o)
 .v4_bx         0x0000732c        0x0 /home/teider/CodeSourcery/Sourcery_G++_Lite/bin/../lib/gcc/arm-none-eabi/4.2.3/../../../../arm-none-eabi/lib/libc.a(lib_a-reent.o)
 .v4_bx         0x0000732c        0x0 /home/teider/CodeSourcery/Sourcery_G++_Lite/bin/../lib/gcc/arm-none-eabi/4.2.3/../../../../arm-none-eabi/lib/libc.a(lib_a-refill.o)
 .v4_bx         0x0000732c        0x0 /home/teider/CodeSourcery/Sourcery_G++_Lite/bin/../lib/gcc/arm-none-eabi/4.2.3/../../../../arm-none-eabi/lib/libc.a(lib_a-sbrkr.o)
 .v4_bx         0x0000732c        0x0 /home/teider/CodeSourcery/Sourcery_G++_Lite/bin/../lib/gcc/arm-none-eabi/4.2.3/../../../../arm-none-eabi/lib/libc.a(lib_a-setbuf.o)
 .v4_bx         0x0000732c        0x0 /home/teider/CodeSourcery/Sourcery_G++_Lite/bin/../lib/gcc/arm-none-eabi/4.2.3/../../../../arm-none-eabi/lib/libc.a(lib_a-setjmp.o)
 .v4_bx         0x0000732c        0x0 /home/teider/CodeSourcery/Sourcery_G++_Lite/bin/../lib/gcc/arm-none-eabi/4.2.3/../../../../arm-none-eabi/lib/libc.a(lib_a-setvbuf.o)
 .v4_bx         0x0000732c        0x0 /home/teider/CodeSourcery/Sourcery_G++_Lite/bin/../lib/gcc/arm-none-eabi/4.2.3/../../../../arm-none-eabi/lib/libc.a(lib_a-sniprintf.o)
 .v4_bx         0x0000732c        0x0 /home/teider/CodeSourcery/Sourcery_G++_Lite/bin/../lib/gcc/arm-none-eabi/4.2.3/../../../../arm-none-eabi/lib/libc.a(lib_a-stdio.o)
 .v4_bx         0x0000732c        0x0 /home/teider/CodeSourcery/Sourcery_G++_Lite/bin/../lib/gcc/arm-none-eabi/4.2.3/../../../../arm-none-eabi/lib/libc.a(lib_a-strdup.o)
 .v4_bx         0x0000732c        0x0 /home/teider/CodeSourcery/Sourcery_G++_Lite/bin/../lib/gcc/arm-none-eabi/4.2.3/../../../../arm-none-eabi/lib/libc.a(lib_a-strdup_r.o)
 .v4_bx         0x0000732c        0x0 /home/teider/CodeSourcery/Sourcery_G++_Lite/bin/../lib/gcc/arm-none-eabi/4.2.3/../../../../arm-none-eabi/lib/libc.a(lib_a-strlen.o)
 .v4_bx         0x0000732c        0x0 /home/teider/CodeSourcery/Sourcery_G++_Lite/bin/../lib/gcc/arm-none-eabi/4.2.3/../../../../arm-none-eabi/lib/libc.a(lib_a-strtol.o)
 .v4_bx         0x0000732c        0x0 /home/teider/CodeSourcery/Sourcery_G++_Lite/bin/../lib/gcc/arm-none-eabi/4.2.3/../../../../arm-none-eabi/lib/libc.a(lib_a-sysgettod.o)
 .v4_bx         0x0000732c        0x0 /home/teider/CodeSourcery/Sourcery_G++_Lite/bin/../lib/gcc/arm-none-eabi/4.2.3/../../../../arm-none-eabi/lib/libc.a(lib_a-tzlock.o)
 .v4_bx         0x0000732c        0x0 /home/teider/CodeSourcery/Sourcery_G++_Lite/bin/../lib/gcc/arm-none-eabi/4.2.3/../../../../arm-none-eabi/lib/libc.a(lib_a-tzvars.o)
 .v4_bx         0x0000732c        0x0 /home/teider/CodeSourcery/Sourcery_G++_Lite/bin/../lib/gcc/arm-none-eabi/4.2.3/../../../../arm-none-eabi/lib/libc.a(lib_a-vfiprintf.o)
 .v4_bx         0x0000732c        0x0 /home/teider/CodeSourcery/Sourcery_G++_Lite/bin/../lib/gcc/arm-none-eabi/4.2.3/../../../../arm-none-eabi/lib/libc.a(lib_a-writer.o)
 .v4_bx         0x0000732c        0x0 /home/teider/CodeSourcery/Sourcery_G++_Lite/bin/../lib/gcc/arm-none-eabi/4.2.3/../../../../arm-none-eabi/lib/libc.a(lib_a-wsetup.o)
 .v4_bx         0x0000732c        0x0 /home/teider/CodeSourcery/Sourcery_G++_Lite/bin/../lib/gcc/arm-none-eabi/4.2.3/../../../../arm-none-eabi/lib/libc.a(lib_a-__call_atexit.o)
 .v4_bx         0x0000732c        0x0 /home/teider/CodeSourcery/Sourcery_G++_Lite/bin/../lib/gcc/arm-none-eabi/4.2.3/../../../../arm-none-eabi/lib/libc.a(lib_a-atexit.o)
 .v4_bx         0x0000732c        0x0 /home/teider/CodeSourcery/Sourcery_G++_Lite/bin/../lib/gcc/arm-none-eabi/4.2.3/../../../../arm-none-eabi/lib/libc.a(lib_a-closer.o)
 .v4_bx         0x0000732c        0x0 /home/teider/CodeSourcery/Sourcery_G++_Lite/bin/../lib/gcc/arm-none-eabi/4.2.3/../../../../arm-none-eabi/lib/libc.a(lib_a-fflush.o)
 .v4_bx         0x0000732c        0x0 /home/teider/CodeSourcery/Sourcery_G++_Lite/bin/../lib/gcc/arm-none-eabi/4.2.3/../../../../arm-none-eabi/lib/libc.a(lib_a-findfp.o)
 .v4_bx         0x0000732c        0x0 /home/teider/CodeSourcery/Sourcery_G++_Lite/bin/../lib/gcc/arm-none-eabi/4.2.3/../../../../arm-none-eabi/lib/libc.a(lib_a-fini.o)
 .v4_bx         0x0000732c        0x0 /home/teider/CodeSourcery/Sourcery_G++_Lite/bin/../lib/gcc/arm-none-eabi/4.2.3/../../../../arm-none-eabi/lib/libc.a(lib_a-flags.o)
 .v4_bx         0x0000732c        0x0 /home/teider/CodeSourcery/Sourcery_G++_Lite/bin/../lib/gcc/arm-none-eabi/4.2.3/../../../../arm-none-eabi/lib/libc.a(lib_a-freer.o)
 .v4_bx         0x0000732c        0x0 /home/teider/CodeSourcery/Sourcery_G++_Lite/bin/../lib/gcc/arm-none-eabi/4.2.3/../../../../arm-none-eabi/lib/libc.a(lib_a-fvwrite.o)
 .v4_bx         0x0000732c        0x0 /home/teider/CodeSourcery/Sourcery_G++_Lite/bin/../lib/gcc/arm-none-eabi/4.2.3/../../../../arm-none-eabi/lib/libc.a(lib_a-fwalk.o)
 .v4_bx         0x0000732c        0x0 /home/teider/CodeSourcery/Sourcery_G++_Lite/bin/../lib/gcc/arm-none-eabi/4.2.3/../../../../arm-none-eabi/lib/libc.a(lib_a-gettimeofdayr.o)
 .v4_bx         0x0000732c        0x0 /home/teider/CodeSourcery/Sourcery_G++_Lite/bin/../lib/gcc/arm-none-eabi/4.2.3/../../../../arm-none-eabi/lib/libc.a(lib_a-gettzinfo.o)
 .v4_bx         0x0000732c        0x0 /home/teider/CodeSourcery/Sourcery_G++_Lite/bin/../lib/gcc/arm-none-eabi/4.2.3/../../../../arm-none-eabi/lib/libc.a(lib_a-isattyr.o)
 .v4_bx         0x0000732c        0x0 /home/teider/CodeSourcery/Sourcery_G++_Lite/bin/../lib/gcc/arm-none-eabi/4.2.3/../../../../arm-none-eabi/lib/libc.a(lib_a-lseekr.o)
 .v4_bx         0x0000732c        0x0 /home/teider/CodeSourcery/Sourcery_G++_Lite/bin/../lib/gcc/arm-none-eabi/4.2.3/../../../../arm-none-eabi/lib/libc.a(lib_a-memchr.o)
 .v4_bx         0x0000732c        0x0 /home/teider/CodeSourcery/Sourcery_G++_Lite/bin/../lib/gcc/arm-none-eabi/4.2.3/../../../../arm-none-eabi/lib/libc.a(lib_a-memmove.o)
 .v4_bx         0x0000732c        0x0 /home/teider/CodeSourcery/Sourcery_G++_Lite/bin/../lib/gcc/arm-none-eabi/4.2.3/../../../../arm-none-eabi/lib/libc.a(lib_a-readr.o)
 .v4_bx         0x0000732c        0x0 /home/teider/CodeSourcery/Sourcery_G++_Lite/bin/../lib/gcc/arm-none-eabi/4.2.3/../../../../arm-none-eabi/lib/libc.a(lib_a-reallocr.o)
 .v4_bx         0x0000732c        0x0 /home/teider/CodeSourcery/Sourcery_G++_Lite/bin/../lib/gcc/arm-none-eabi/4.2.3/../../../../arm-none-eabi/lib/libc.a(lib_a-__atexit.o)
 .v4_bx         0x0000732c        0x0 /home/teider/CodeSourcery/Sourcery_G++_Lite/bin/../lib/gcc/arm-none-eabi/4.2.3/../../../../arm-none-eabi/lib/libc.a(lib_a-fclose.o)
 .v4_bx         0x0000732c        0x0 /home/teider/CodeSourcery/Sourcery_G++_Lite/bin/../lib/gcc/arm-none-eabi/4.2.3/libgcc.a(_aeabi_uldivmod.o)
 .v4_bx         0x0000732c        0x0 /home/teider/CodeSourcery/Sourcery_G++_Lite/bin/../lib/gcc/arm-none-eabi/4.2.3/libgcc.a(bpabi.o)
 .v4_bx         0x0000732c        0x0 /home/teider/CodeSourcery/Sourcery_G++_Lite/bin/../lib/gcc/arm-none-eabi/4.2.3/libgcc.a(_divdi3.o)
 .v4_bx         0x0000732c        0x0 /home/teider/CodeSourcery/Sourcery_G++_Lite/bin/../lib/gcc/arm-none-eabi/4.2.3/libgcc.a(_udivdi3.o)
 .v4_bx         0x0000732c        0x0 /home/teider/CodeSourcery/Sourcery_G++_Lite/bin/../lib/gcc/arm-none-eabi/4.2.3/libgcc.a(_clz.o)
 .v4_bx         0x0000732c        0x0 /home/teider/CodeSourcery/Sourcery_G++_Lite/bin/../lib/gcc/arm-none-eabi/4.2.3/crtend.o
 .v4_bx         0x0000732c        0x0 /home/teider/CodeSourcery/Sourcery_G++_Lite/bin/../lib/gcc/arm-none-eabi/4.2.3/crtn.o

.ARM.exidx      0x0000732c       0x10
 *(.ARM.exidx* .gnu.linkonce.armexidx.*)
 .ARM.exidx     0x0000732c        0x8 /home/teider/CodeSourcery/Sourcery_G++_Lite/bin/../lib/gcc/arm-none-eabi/4.2.3/libgcc.a(_divdi3.o)
 .ARM.exidx     0x00007334        0x8 /home/teider/CodeSourcery/Sourcery_G++_Lite/bin/../lib/gcc/arm-none-eabi/4.2.3/libgcc.a(_udivdi3.o)
                0x0000733c                __exidx_end = .

.text.align     0x0000733c        0x4
                0x00007340                . = ALIGN (0x8)
 *fill*         0x0000733c        0x4 00
                0x00007340                _etext = .

.stack          0x40000000     0x2400
                0x40002400                . = (. + STACK_SIZE)
 *fill*         0x40000000     0x2400 00
                0x40002400                _stack = .

.data           0x40002400      0x830 load address 0x00007340
                0x40002400                _data = .
 *(.jcr)
 .jcr           0x40002400        0x0 /home/teider/CodeSourcery/Sourcery_G++_Lite/bin/../lib/gcc/arm-none-eabi/4.2.3/crtbegin.o
 .jcr           0x40002400        0x4 /home/teider/CodeSourcery/Sourcery_G++_Lite/bin/../lib/gcc/arm-none-eabi/4.2.3/crtend.o
 *(.got.plt)
 *(.got)
 *(.shdata)
 *(.data .data.* .gnu.linkonce.d.*)
 .data.servo_val
                0x40002404        0x4 ../../hal/lpc2106-cmucam3/libhal-lpc2106-cmucam3.a(servo.o)
 .data.device_driver_table
                0x40002408        0x8 ../../hal/lpc2106-cmucam3/libhal-lpc2106-cmucam3.a(devices.o)
 .data          0x40002410        0x4 /home/teider/CodeSourcery/Sourcery_G++_Lite/bin/../lib/gcc/arm-none-eabi/4.2.3/../../../../arm-none-eabi/lib/libc.a(lib_a-ctype_.o)
                0x40002410                __ctype_ptr
 *fill*         0x40002414        0x4 00
 .data          0x40002418      0x408 /home/teider/CodeSourcery/Sourcery_G++_Lite/bin/../lib/gcc/arm-none-eabi/4.2.3/../../../../arm-none-eabi/lib/libc.a(lib_a-impure.o)
                0x40002418                _impure_ptr
 .data          0x40002820      0x410 /home/teider/CodeSourcery/Sourcery_G++_Lite/bin/../lib/gcc/arm-none-eabi/4.2.3/../../../../arm-none-eabi/lib/libc.a(lib_a-mallocr.o)
                0x40002c28                __malloc_sbrk_base
                0x40002820                __malloc_av_
                0x40002c2c                __malloc_trim_threshold
 *(.ram)
                0x40002c30                . = ALIGN (0x8)
                0x40002c30                _edata = .

.bss            0x40002c30       0x90
                0x40002c30                _bss = .
 *(.shbss)
 *(.bss .bss.* .gnu.linkonce.b.*)
 .bss           0x40002c30       0x1c /home/teider/CodeSourcery/Sourcery_G++_Lite/bin/../lib/gcc/arm-none-eabi/4.2.3/crtbegin.o
 .bss._cc3_g_current_camera_state
                0x40002c4c        0xa ../../hal/lpc2106-cmucam3/libhal-lpc2106-cmucam3.a(cc3.o)
 .bss._cc3_second_green_valid
                0x40002c56        0x1 ../../hal/lpc2106-cmucam3/libhal-lpc2106-cmucam3.a(cc3.o)
 .bss._cc3_second_green
                0x40002c57        0x1 ../../hal/lpc2106-cmucam3/libhal-lpc2106-cmucam3.a(cc3.o)
 .bss.heap_ptr  0x40002c58        0x4 ../../hal/lpc2106-cmucam3/libhal-lpc2106-cmucam3.a(syscalls.o)
 .bss.started.2330
                0x40002c5c        0x1 ../../hal/lpc2106-cmucam3/libhal-lpc2106-cmucam3.a(serial.o)
 *fill*         0x40002c5d        0x3 00
 .bss.servo_mask
                0x40002c60        0x4 ../../hal/lpc2106-cmucam3/libhal-lpc2106-cmucam3.a(servo.o)
 .bss.servo_tmp
                0x40002c64        0x4 ../../hal/lpc2106-cmucam3/libhal-lpc2106-cmucam3.a(servo.o)
 .bss           0x40002c68       0x34 /home/teider/CodeSourcery/Sourcery_G++_Lite/bin/../lib/gcc/arm-none-eabi/4.2.3/../../../../arm-none-eabi/lib/libc.a(lib_a-mallocr.o)
                0x40002c68                __malloc_top_pad
                0x40002c94                __malloc_max_sbrked_mem
                0x40002c6c                __malloc_current_mallinfo
                0x40002c98                __malloc_max_total_mem
 *(COMMON)
 COMMON         0x40002c9c        0x1 ../../hal/lpc2106-cmucam3/libhal-lpc2106-cmucam3.a(interrupt.o)
                0x40002c9c                _cc3_button_trigger
 *fill*         0x40002c9d        0x1 00
 COMMON         0x40002c9e       0x1b ../../hal/lpc2106-cmucam3/libhal-lpc2106-cmucam3.a(cc3.o)
                0x40002c9e                cc3_g_pixbuf_frame
                0x40002cb6                cc3_g_current_pixel
 COMMON         0x40002cb9        0x2 ../../hal/lpc2106-cmucam3/libhal-lpc2106-cmucam3.a(serial.o)
                0x40002cb9                _cc3_uart1_binmode
                0x40002cba                _cc3_uart0_binmode
 *fill*         0x40002cbb        0x1 00
 COMMON         0x40002cbc        0x4 /home/teider/CodeSourcery/Sourcery_G++_Lite/bin/../lib/gcc/arm-none-eabi/4.2.3/../../../../arm-none-eabi/lib/libc.a(lib_a-reent.o)
                0x40002cbc                errno
 *(.ram.b)
                0x40002cc0                . = ALIGN (0x8)
                0x40002cc0                _end = .
                0x40002cc0                __end = .
                0x40010000                _heap_end = 0x40010000

.stab
 *(.stab)

.stabstr
 *(.stabstr)

.debug
 *(.debug)

.line
 *(.line)

.debug_srcinfo
 *(.debug_srcinfo)

.debug_sfnames
 *(.debug_sfnames)

.debug_aranges  0x00000000      0x6b8
 *(.debug_aranges)
 .debug_aranges
                0x00000000       0x28 lpc2106-cmucam3_buildfiles/main.o
 .debug_aranges
                0x00000028       0x40 ../../lib/cc3-ilp/libcc3-ilp_lpc2106-cmucam3.a(cc3_color_track.o)
 .debug_aranges
                0x00000068       0x30 ../../lib/cc3-ilp/libcc3-ilp_lpc2106-cmucam3.a(cc3_ilp.o)
 .debug_aranges
                0x00000098       0x78 ../../hal/lpc2106-cmucam3/libhal-lpc2106-cmucam3.a(interrupt.o)
 .debug_aranges
                0x00000110       0xf8 ../../hal/lpc2106-cmucam3/libhal-lpc2106-cmucam3.a(cc3.o)
 .debug_aranges
                0x00000208       0x48 ../../hal/lpc2106-cmucam3/libhal-lpc2106-cmucam3.a(cc3_hal.o)
 .debug_aranges
                0x00000250       0xc0 ../../hal/lpc2106-cmucam3/libhal-lpc2106-cmucam3.a(syscalls.o)
 .debug_aranges
                0x00000310       0x88 ../../hal/lpc2106-cmucam3/libhal-lpc2106-cmucam3.a(serial.o)
 .debug_aranges
                0x00000398       0x40 ../../hal/lpc2106-cmucam3/libhal-lpc2106-cmucam3.a(servo.o)
 .debug_aranges
                0x000003d8      0x108 ../../hal/lpc2106-cmucam3/libhal-lpc2106-cmucam3.a(rdcf2.o)
 .debug_aranges
                0x000004e0       0x68 ../../hal/lpc2106-cmucam3/libhal-lpc2106-cmucam3.a(mmc_hardware.o)
 .debug_aranges
                0x00000548       0x70 ../../hal/lpc2106-cmucam3/libhal-lpc2106-cmucam3.a(mmc_driver.o)
 .debug_aranges
                0x000005b8       0x38 ../../hal/lpc2106-cmucam3/libhal-lpc2106-cmucam3.a(gpio.o)
 .debug_aranges
                0x000005f0       0x40 ../../hal/lpc2106-cmucam3/libhal-lpc2106-cmucam3.a(devices.o)
 .debug_aranges
                0x00000630       0x68 ../../hal/lpc2106-cmucam3/libhal-lpc2106-cmucam3.a(uart_driver.o)
 .debug_aranges
                0x00000698       0x20 ../../hal/lpc2106-cmucam3/libhal-lpc2106-cmucam3.a(startup.o)

.debug_pubnames
                0x00000000      0xb29
 *(.debug_pubnames)
 .debug_pubnames
                0x00000000       0x9d lpc2106-cmucam3_buildfiles/main.o
 .debug_pubnames
                0x0000009d       0xa2 ../../lib/cc3-ilp/libcc3-ilp_lpc2106-cmucam3.a(cc3_color_track.o)
 .debug_pubnames
                0x0000013f       0x4c ../../lib/cc3-ilp/libcc3-ilp_lpc2106-cmucam3.a(cc3_ilp.o)
 .debug_pubnames
                0x0000018b      0x113 ../../hal/lpc2106-cmucam3/libhal-lpc2106-cmucam3.a(interrupt.o)
 .debug_pubnames
                0x0000029e      0x2cc ../../hal/lpc2106-cmucam3/libhal-lpc2106-cmucam3.a(cc3.o)
 .debug_pubnames
                0x0000056a       0x97 ../../hal/lpc2106-cmucam3/libhal-lpc2106-cmucam3.a(cc3_hal.o)
 .debug_pubnames
                0x00000601       0xf1 ../../hal/lpc2106-cmucam3/libhal-lpc2106-cmucam3.a(syscalls.o)
 .debug_pubnames
                0x000006f2      0x140 ../../hal/lpc2106-cmucam3/libhal-lpc2106-cmucam3.a(serial.o)
 .debug_pubnames
                0x00000832       0x8e ../../hal/lpc2106-cmucam3/libhal-lpc2106-cmucam3.a(servo.o)
 .debug_pubnames
                0x000008c0       0x93 ../../hal/lpc2106-cmucam3/libhal-lpc2106-cmucam3.a(rdcf2.o)
 .debug_pubnames
                0x00000953       0x75 ../../hal/lpc2106-cmucam3/libhal-lpc2106-cmucam3.a(mmc_hardware.o)
 .debug_pubnames
                0x000009c8       0x26 ../../hal/lpc2106-cmucam3/libhal-lpc2106-cmucam3.a(mmc_driver.o)
 .debug_pubnames
                0x000009ee       0x6d ../../hal/lpc2106-cmucam3/libhal-lpc2106-cmucam3.a(gpio.o)
 .debug_pubnames
                0x00000a5b       0xa7 ../../hal/lpc2106-cmucam3/libhal-lpc2106-cmucam3.a(devices.o)
 .debug_pubnames
                0x00000b02       0x27 ../../hal/lpc2106-cmucam3/libhal-lpc2106-cmucam3.a(uart_driver.o)

.debug_info     0x00000000     0x7de0
 *(.debug_info .gnu.linkonce.wi.*)
 .debug_info    0x00000000      0xf5d lpc2106-cmucam3_buildfiles/main.o
 .debug_info    0x00000f5d      0x536 ../../lib/cc3-ilp/libcc3-ilp_lpc2106-cmucam3.a(cc3_color_track.o)
 .debug_info    0x00001493      0x1fa ../../lib/cc3-ilp/libcc3-ilp_lpc2106-cmucam3.a(cc3_ilp.o)
 .debug_info    0x0000168d      0x1e5 ../../hal/lpc2106-cmucam3/libhal-lpc2106-cmucam3.a(interrupt.o)
 .debug_info    0x00001872     0x14c4 ../../hal/lpc2106-cmucam3/libhal-lpc2106-cmucam3.a(cc3.o)
 .debug_info    0x00002d36      0x137 ../../hal/lpc2106-cmucam3/libhal-lpc2106-cmucam3.a(cc3_hal.o)
 .debug_info    0x00002e6d      0xa9b ../../hal/lpc2106-cmucam3/libhal-lpc2106-cmucam3.a(syscalls.o)
 .debug_info    0x00003908      0xd17 ../../hal/lpc2106-cmucam3/libhal-lpc2106-cmucam3.a(serial.o)
 .debug_info    0x0000461f      0x26f ../../hal/lpc2106-cmucam3/libhal-lpc2106-cmucam3.a(servo.o)
 .debug_info    0x0000488e     0x1292 ../../hal/lpc2106-cmucam3/libhal-lpc2106-cmucam3.a(rdcf2.o)
 .debug_info    0x00005b20      0x7aa ../../hal/lpc2106-cmucam3/libhal-lpc2106-cmucam3.a(mmc_hardware.o)
 .debug_info    0x000062ca      0xc30 ../../hal/lpc2106-cmucam3/libhal-lpc2106-cmucam3.a(mmc_driver.o)
 .debug_info    0x00006efa      0x18d ../../hal/lpc2106-cmucam3/libhal-lpc2106-cmucam3.a(gpio.o)
 .debug_info    0x00007087      0x573 ../../hal/lpc2106-cmucam3/libhal-lpc2106-cmucam3.a(devices.o)
 .debug_info    0x000075fa      0x781 ../../hal/lpc2106-cmucam3/libhal-lpc2106-cmucam3.a(uart_driver.o)
 .debug_info    0x00007d7b       0x65 ../../hal/lpc2106-cmucam3/libhal-lpc2106-cmucam3.a(startup.o)

.debug_abbrev   0x00000000     0x1d76
 *(.debug_abbrev)
 .debug_abbrev  0x00000000      0x20d lpc2106-cmucam3_buildfiles/main.o
 .debug_abbrev  0x0000020d      0x15b ../../lib/cc3-ilp/libcc3-ilp_lpc2106-cmucam3.a(cc3_color_track.o)
 .debug_abbrev  0x00000368       0xfd ../../lib/cc3-ilp/libcc3-ilp_lpc2106-cmucam3.a(cc3_ilp.o)
 .debug_abbrev  0x00000465       0xf5 ../../hal/lpc2106-cmucam3/libhal-lpc2106-cmucam3.a(interrupt.o)
 .debug_abbrev  0x0000055a      0x403 ../../hal/lpc2106-cmucam3/libhal-lpc2106-cmucam3.a(cc3.o)
 .debug_abbrev  0x0000095d       0x82 ../../hal/lpc2106-cmucam3/libhal-lpc2106-cmucam3.a(cc3_hal.o)
 .debug_abbrev  0x000009df      0x2b5 ../../hal/lpc2106-cmucam3/libhal-lpc2106-cmucam3.a(syscalls.o)
 .debug_abbrev  0x00000c94      0x28b ../../hal/lpc2106-cmucam3/libhal-lpc2106-cmucam3.a(serial.o)
 .debug_abbrev  0x00000f1f      0x160 ../../hal/lpc2106-cmucam3/libhal-lpc2106-cmucam3.a(servo.o)
 .debug_abbrev  0x0000107f      0x312 ../../hal/lpc2106-cmucam3/libhal-lpc2106-cmucam3.a(rdcf2.o)
 .debug_abbrev  0x00001391      0x321 ../../hal/lpc2106-cmucam3/libhal-lpc2106-cmucam3.a(mmc_hardware.o)
 .debug_abbrev  0x000016b2      0x262 ../../hal/lpc2106-cmucam3/libhal-lpc2106-cmucam3.a(mmc_driver.o)
 .debug_abbrev  0x00001914      0x114 ../../hal/lpc2106-cmucam3/libhal-lpc2106-cmucam3.a(gpio.o)
 .debug_abbrev  0x00001a28      0x187 ../../hal/lpc2106-cmucam3/libhal-lpc2106-cmucam3.a(devices.o)
 .debug_abbrev  0x00001baf      0x1b3 ../../hal/lpc2106-cmucam3/libhal-lpc2106-cmucam3.a(uart_driver.o)
 .debug_abbrev  0x00001d62       0x14 ../../hal/lpc2106-cmucam3/libhal-lpc2106-cmucam3.a(startup.o)

.debug_line     0x00000000     0x2aad
 *(.debug_line)
 .debug_line    0x00000000      0x28c lpc2106-cmucam3_buildfiles/main.o
 .debug_line    0x0000028c      0x21c ../../lib/cc3-ilp/libcc3-ilp_lpc2106-cmucam3.a(cc3_color_track.o)
 .debug_line    0x000004a8      0x125 ../../lib/cc3-ilp/libcc3-ilp_lpc2106-cmucam3.a(cc3_ilp.o)
 .debug_line    0x000005cd      0x1cf ../../hal/lpc2106-cmucam3/libhal-lpc2106-cmucam3.a(interrupt.o)
 .debug_line    0x0000079c      0x69d ../../hal/lpc2106-cmucam3/libhal-lpc2106-cmucam3.a(cc3.o)
 .debug_line    0x00000e39       0xe8 ../../hal/lpc2106-cmucam3/libhal-lpc2106-cmucam3.a(cc3_hal.o)
 .debug_line    0x00000f21      0x3a4 ../../hal/lpc2106-cmucam3/libhal-lpc2106-cmucam3.a(syscalls.o)
 .debug_line    0x000012c5      0x33c ../../hal/lpc2106-cmucam3/libhal-lpc2106-cmucam3.a(serial.o)
 .debug_line    0x00001601      0x165 ../../hal/lpc2106-cmucam3/libhal-lpc2106-cmucam3.a(servo.o)
 .debug_line    0x00001766      0x721 ../../hal/lpc2106-cmucam3/libhal-lpc2106-cmucam3.a(rdcf2.o)
 .debug_line    0x00001e87      0x25e ../../hal/lpc2106-cmucam3/libhal-lpc2106-cmucam3.a(mmc_hardware.o)
 .debug_line    0x000020e5      0x3b0 ../../hal/lpc2106-cmucam3/libhal-lpc2106-cmucam3.a(mmc_driver.o)
 .debug_line    0x00002495      0x132 ../../hal/lpc2106-cmucam3/libhal-lpc2106-cmucam3.a(gpio.o)
 .debug_line    0x000025c7      0x20f ../../hal/lpc2106-cmucam3/libhal-lpc2106-cmucam3.a(devices.o)
 .debug_line    0x000027d6      0x257 ../../hal/lpc2106-cmucam3/libhal-lpc2106-cmucam3.a(uart_driver.o)
 .debug_line    0x00002a2d       0x80 ../../hal/lpc2106-cmucam3/libhal-lpc2106-cmucam3.a(startup.o)

.debug_frame    0x00000000     0x1d98
 *(.debug_frame)
 .debug_frame   0x00000000       0x48 lpc2106-cmucam3_buildfiles/main.o
 .debug_frame   0x00000048       0x98 ../../lib/cc3-ilp/libcc3-ilp_lpc2106-cmucam3.a(cc3_color_track.o)